Component: ARM Compiler 5.06 update 5 (build 528) Tool: armlink [4d35e2]

==============================================================================

Section Cross References

    stm32f10x_adc.o(i.ADC_DeInit) refers to stm32f10x_rcc.o(i.RCC_APB2PeriphResetCmd) for RCC_APB2PeriphResetCmd
    stm32f10x_bkp.o(i.BKP_DeInit) refers to stm32f10x_rcc.o(i.RCC_BackupResetCmd) for RCC_BackupResetCmd
    stm32f10x_can.o(i.CAN_DeInit) refers to stm32f10x_rcc.o(i.RCC_APB1PeriphResetCmd) for RCC_APB1PeriphResetCmd
    stm32f10x_can.o(i.CAN_GetITStatus) refers to stm32f10x_can.o(i.CheckITStatus) for CheckITStatus
    stm32f10x_cec.o(i.CEC_DeInit) refers to stm32f10x_rcc.o(i.RCC_APB1PeriphResetCmd) for RCC_APB1PeriphResetCmd
    stm32f10x_dac.o(i.DAC_DeInit) refers to stm32f10x_rcc.o(i.RCC_APB1PeriphResetCmd) for RCC_APB1PeriphResetCmd
    stm32f10x_flash.o(i.FLASH_EnableWriteProtection) refers to stm32f10x_flash.o(i.FLASH_WaitForLastOperation) for FLASH_WaitForLastOperation
    stm32f10x_flash.o(i.FLASH_EraseAllBank1Pages) refers to stm32f10x_flash.o(i.FLASH_WaitForLastBank1Operation) for FLASH_WaitForLastBank1Operation
    stm32f10x_flash.o(i.FLASH_EraseAllPages) refers to stm32f10x_flash.o(i.FLASH_WaitForLastOperation) for FLASH_WaitForLastOperation
    stm32f10x_flash.o(i.FLASH_EraseOptionBytes) refers to stm32f10x_flash.o(i.FLASH_GetReadOutProtectionStatus) for FLASH_GetReadOutProtectionStatus
    stm32f10x_flash.o(i.FLASH_EraseOptionBytes) refers to stm32f10x_flash.o(i.FLASH_WaitForLastOperation) for FLASH_WaitForLastOperation
    stm32f10x_flash.o(i.FLASH_ErasePage) refers to stm32f10x_flash.o(i.FLASH_WaitForLastOperation) for FLASH_WaitForLastOperation
    stm32f10x_flash.o(i.FLASH_ProgramHalfWord) refers to stm32f10x_flash.o(i.FLASH_WaitForLastOperation) for FLASH_WaitForLastOperation
    stm32f10x_flash.o(i.FLASH_ProgramOptionByteData) refers to stm32f10x_flash.o(i.FLASH_WaitForLastOperation) for FLASH_WaitForLastOperation
    stm32f10x_flash.o(i.FLASH_ProgramWord) refers to stm32f10x_flash.o(i.FLASH_WaitForLastOperation) for FLASH_WaitForLastOperation
    stm32f10x_flash.o(i.FLASH_ReadOutProtection) refers to stm32f10x_flash.o(i.FLASH_WaitForLastOperation) for FLASH_WaitForLastOperation
    stm32f10x_flash.o(i.FLASH_UserOptionByteConfig) refers to stm32f10x_flash.o(i.FLASH_WaitForLastOperation) for FLASH_WaitForLastOperation
    stm32f10x_flash.o(i.FLASH_WaitForLastBank1Operation) refers to stm32f10x_flash.o(i.FLASH_GetBank1Status) for FLASH_GetBank1Status
    stm32f10x_flash.o(i.FLASH_WaitForLastOperation) refers to stm32f10x_flash.o(i.FLASH_GetBank1Status) for FLASH_GetBank1Status
    stm32f10x_gpio.o(i.GPIO_AFIODeInit) refers to stm32f10x_rcc.o(i.RCC_APB2PeriphResetCmd) for RCC_APB2PeriphResetCmd
    stm32f10x_gpio.o(i.GPIO_DeInit) refers to stm32f10x_rcc.o(i.RCC_APB2PeriphResetCmd) for RCC_APB2PeriphResetCmd
    stm32f10x_i2c.o(i.I2C_DeInit) refers to stm32f10x_rcc.o(i.RCC_APB1PeriphResetCmd) for RCC_APB1PeriphResetCmd
    stm32f10x_i2c.o(i.I2C_Init) refers to stm32f10x_rcc.o(i.RCC_GetClocksFreq) for RCC_GetClocksFreq
    stm32f10x_pwr.o(i.PWR_DeInit) refers to stm32f10x_rcc.o(i.RCC_APB1PeriphResetCmd) for RCC_APB1PeriphResetCmd
    stm32f10x_rcc.o(i.RCC_GetClocksFreq) refers to stm32f10x_rcc.o(.data) for APBAHBPrescTable
    stm32f10x_rcc.o(i.RCC_WaitForHSEStartUp) refers to stm32f10x_rcc.o(i.RCC_GetFlagStatus) for RCC_GetFlagStatus
    stm32f10x_rtc.o(i.RTC_SetAlarm) refers to stm32f10x_rtc.o(i.RTC_EnterConfigMode) for RTC_EnterConfigMode
    stm32f10x_rtc.o(i.RTC_SetAlarm) refers to stm32f10x_rtc.o(i.RTC_ExitConfigMode) for RTC_ExitConfigMode
    stm32f10x_rtc.o(i.RTC_SetCounter) refers to stm32f10x_rtc.o(i.RTC_EnterConfigMode) for RTC_EnterConfigMode
    stm32f10x_rtc.o(i.RTC_SetCounter) refers to stm32f10x_rtc.o(i.RTC_ExitConfigMode) for RTC_ExitConfigMode
    stm32f10x_rtc.o(i.RTC_SetPrescaler) refers to stm32f10x_rtc.o(i.RTC_EnterConfigMode) for RTC_EnterConfigMode
    stm32f10x_rtc.o(i.RTC_SetPrescaler) refers to stm32f10x_rtc.o(i.RTC_ExitConfigMode) for RTC_ExitConfigMode
    stm32f10x_spi.o(i.I2S_Init) refers to stm32f10x_rcc.o(i.RCC_GetClocksFreq) for RCC_GetClocksFreq
    stm32f10x_spi.o(i.SPI_I2S_DeInit) refers to stm32f10x_rcc.o(i.RCC_APB2PeriphResetCmd) for RCC_APB2PeriphResetCmd
    stm32f10x_spi.o(i.SPI_I2S_DeInit) refers to stm32f10x_rcc.o(i.RCC_APB1PeriphResetCmd) for RCC_APB1PeriphResetCmd
    stm32f10x_tim.o(i.TIM_DeInit) refers to stm32f10x_rcc.o(i.RCC_APB2PeriphResetCmd) for RCC_APB2PeriphResetCmd
    stm32f10x_tim.o(i.TIM_DeInit) refers to stm32f10x_rcc.o(i.RCC_APB1PeriphResetCmd) for RCC_APB1PeriphResetCmd
    stm32f10x_tim.o(i.TIM_ETRClockMode1Config) refers to stm32f10x_tim.o(i.TIM_ETRConfig) for TIM_ETRConfig
    stm32f10x_tim.o(i.TIM_ETRClockMode2Config) refers to stm32f10x_tim.o(i.TIM_ETRConfig) for TIM_ETRConfig
    stm32f10x_tim.o(i.TIM_ICInit) refers to stm32f10x_tim.o(i.TI1_Config) for TI1_Config
[...]
    ../clib/angel/sys.s                      0x00000000   Number         0  indicate_semi.o ABSOLUTE
    ../clib/angel/sys.s                      0x00000000   Number         0  use_no_semi.o ABSOLUTE
    ../clib/angel/sysapp.c                   0x00000000   Number         0  sys_wrch.o ABSOLUTE
    ../clib/angel/sysapp.c                   0x00000000   Number         0  sys_exit.o ABSOLUTE
    ../clib/angel/sysapp.c                   0x00000000   Number         0  sys_command.o ABSOLUTE
    ../clib/armsys.c                         0x00000000   Number         0  no_argv.o ABSOLUTE
    ../clib/armsys.c                         0x00000000   Number         0  argv_veneer.o ABSOLUTE
    ../clib/armsys.c                         0x00000000   Number         0  argv_veneer.o ABSOLUTE
    ../clib/armsys.c                         0x00000000   Number         0  _get_argv_nomalloc.o ABSOLUTE
    ../clib/bigflt.c                         0x00000000   Number         0  bigflt0.o ABSOLUTE
    ../clib/btod.s                           0x00000000   Number         0  btod.o ABSOLUTE
    ../clib/heapalloc.c                      0x00000000   Number         0  hrguard.o ABSOLUTE
    ../clib/heapaux.c                        0x00000000   Number         0  heapauxi.o ABSOLUTE
    ../clib/libinit.s                        0x00000000   Number         0  libshutdown2.o ABSOLUTE
    ../clib/libinit.s                        0x00000000   Number         0  libinit2.o ABSOLUTE
    ../clib/libinit.s                        0x00000000   Number         0  libinit.o ABSOLUTE
    ../clib/libinit.s                        0x00000000   Number         0  libshutdown.o ABSOLUTE
    ../clib/locale.s                         0x00000000   Number         0  lc_numeric_c.o ABSOLUTE
    ../clib/longlong.s                       0x00000000   Number         0  lludiv10.o ABSOLUTE
    ../clib/memcpset.s                       0x00000000   Number         0  strcmpv7m.o ABSOLUTE
    ../clib/memcpset.s                       0x00000000   Number         0  rt_memcpy_v6.o ABSOLUTE
    ../clib/memcpset.s                       0x00000000   Number         0  rt_memcpy_w.o ABSOLUTE
    ../clib/misc.s                           0x00000000   Number         0  printf_stubs.o ABSOLUTE
    ../clib/printf.c                         0x00000000   Number         0  _printf_fp_infnan.o ABSOLUTE
    ../clib/printf.c                         0x00000000   Number         0  __2sprintf.o ABSOLUTE
    ../clib/printf.c                         0x00000000   Number         0  noretval__2sprintf.o ABSOLUTE
    ../clib/printf.c                         0x00000000   Number         0  __printf.o ABSOLUTE
    ../clib/printf.c                         0x00000000   Number         0  _printf_dec.o ABSOLUTE
    ../clib/printf.c                         0x00000000   Number         0  __printf_ss.o ABSOLUTE
    ../clib/printf.c                         0x00000000   Number         0  __printf_flags_ss.o ABSOLUTE
    ../clib/printf.c                         0x00000000   Number         0  __printf_wp.o ABSOLUTE
    ../clib/printf.c                         0x00000000   Number         0  _sputc.o ABSOLUTE
    ../clib/printf.c                         0x00000000   Number         0  __printf_flags_wp.o ABSOLUTE
    ../clib/printf.c                         0x00000000   Number         0  __printf_ss_wp.o ABSOLUTE
    ../clib/printf.c                         0x00000000   Number         0  __printf_flags_ss_wp.o ABSOLUTE
    ../clib/printf.c                         0x00000000   Number         0  _printf_char_common.o ABSOLUTE
    ../clib/printf.c                         0x00000000   Number         0  _printf_fp_dec.o ABSOLUTE
    ../clib/printf.c                         0x00000000   Number         0  _printf_intcommon.o ABSOLUTE
    ../clib/printf.c                         0x00000000   Number         0  __printf_flags.o ABSOLUTE
    ../clib/printf.c                         0x00000000   Number         0  __printf_nopercent.o ABSOLUTE
    ../clib/printf_percent.s                 0x00000000   Number         0  _printf_f.o ABSOLUTE
    ../clib/printf_percent.s                 0x00000000   Number         0  _printf_d.o ABSOLUTE
    ../clib/printf_percent.s                 0x00000000   Number         0  _printf_percent_end.o ABSOLUTE
    ../clib/printf_percent.s                 0x00000000   Number         0  _printf_percent.o ABSOLUTE
    ../clib/signal.c                         0x00000000   Number         0  defsig_rtmem_formal.o ABSOLUTE
    ../clib/signal.c                         0x00000000   Number         0  defsig_rtred_inner.o ABSOLUTE
    ../clib/signal.c                         0x00000000   Number         0  defsig_fpe_inner.o ABSOLUTE
    ../clib/signal.c                         0x00000000   Number         0  defsig_abrt_inner.o ABSOLUTE
    ../clib/signal.c                         0x00000000   Number         0  defsig_general.o ABSOLUTE
    ../clib/signal.c                         0x00000000   Number         0  __raise.o ABSOLUTE
    ../clib/signal.c                         0x00000000   Number         0  defsig_stak_inner.o ABSOLUTE
    ../clib/signal.c                         0x00000000   Number         0  defsig_pvfn_inner.o ABSOLUTE
    ../clib/signal.c                         0x00000000   Number         0  defsig_segv_inner.o ABSOLUTE
    ../clib/signal.c                         0x00000000   Number         0  defsig_cppl_inner.o ABSOLUTE
    ../clib/signal.c                         0x00000000   Number         0  defsig_other.o ABSOLUTE
    ../clib/signal.c                         0x00000000   Number         0  defsig_exit.o ABSOLUTE
    ../clib/signal.c                         0x00000000   Number         0  defsig_rtmem_inner.o ABSOLUTE
    ../clib/signal.c                         0x00000000   Number         0  defsig_rtmem_outer.o ABSOLUTE
    ../clib/signal.s                         0x00000000   Number         0  defsig.o ABSOLUTE
    ../clib/stdlib.c                         0x00000000   Number         0  exit.o ABSOLUTE
    ../fplib/dretinf.s                       0x00000000   Number         0  dretinf.o ABSOLUTE
    ../fplib/f2d.s                           0x00000000   Number         0  f2d.o ABSOLUTE
    ../fplib/faddsub.s                       0x00000000   Number         0  faddsub_clz.o ABSOLUTE
    ../fplib/fcmpi.s                         0x00000000   Number         0  fcmpi.o ABSOLUTE
    ../fplib/fdiv.s                          0x00000000   Number         0  fdiv.o ABSOLUTE
    ../fplib/feqf.s                          0x00000000   Number         0  feqf.o ABSOLUTE
    ../fplib/ffix.s                          0x00000000   Number         0  ffix.o ABSOLUTE
    ../fplib/fflt.s                          0x00000000   Number         0  fflt_clz.o ABSOLUTE
    ../fplib/fleqf.s                         0x00000000   Number         0  fleqf.o ABSOLUTE
    ../fplib/fmul.s                          0x00000000   Number         0  fmul.o ABSOLUTE
    ../fplib/fnaninf.s                       0x00000000   Number         0  fnaninf.o ABSOLUTE
    ../fplib/fpinit.s                        0x00000000   Number         0  fpinit.o ABSOLUTE
    ../fplib/fretinf.s                       0x00000000   Number         0  fretinf.o ABSOLUTE
    ../fplib/frleqf.s                        0x00000000   Number         0  frleqf.o ABSOLUTE
    ../fplib/istatus.s                       0x00000000   Number         0  istatus.o ABSOLUTE
    ../fplib/printf1.s                       0x00000000   Number         0  printf1.o ABSOLUTE
    ../fplib/usenofp.s                       0x00000000   Number         0  usenofp.o ABSOLUTE
    ../mathlib/fpclassify.c                  0x00000000   Number         0  fpclassify.o ABSOLUTE
    HAREWER\adc.c                            0x00000000   Number         0  adc.o ABSOLUTE
    HAREWER\dma.c                            0x00000000   Number         0  dma.o ABSOLUTE
    HAREWER\key.c                            0x00000000   Number         0  key.o ABSOLUTE
    HAREWER\oled.c                           0x00000000   Number         0  oled.o ABSOLUTE
    HAREWER\tim.c                            0x00000000   Number         0  tim.o ABSOLUTE
    Library\misc.c                           0x00000000   Number         0  misc.o ABSOLUTE
    Library\stm32f10x_adc.c                  0x00000000   Number         0  stm32f10x_adc.o ABSOLUTE
    Library\stm32f10x_bkp.c                  0x00000000   Number         0  stm32f10x_bkp.o ABSOLUTE
    Library\stm32f10x_can.c                  0x00000000   Number         0  stm32f10x_can.o ABSOLUTE
    Library\stm32f10x_cec.c                  0x00000000   Number         0  stm32f10x_cec.o ABSOLUTE
    Library\stm32f10x_crc.c                  0x00000000   Number         0  stm32f10x_crc.o ABSOLUTE
    Library\stm32f10x_dac.c                  0x00000000   Number         0  stm32f10x_dac.o ABSOLUTE
    Library\stm32f10x_dbgmcu.c               0x00000000   Number         0  stm32f10x_dbgmcu.o ABSOLUTE
    Library\stm32f10x_dma.c                  0x00000000   Number         0  stm32f10x_dma.o ABSOLUTE
    Library\stm32f10x_exti.c                 0x00000000   Number         0  stm32f10x_exti.o ABSOLUTE
    Library\stm32f10x_flash.c                0x00000000   Number         0  stm32f10x_flash.o ABSOLUTE
    Library\stm32f10x_fsmc.c                 0x00000000   Number         0  stm32f10x_fsmc.o ABSOLUTE
    Library\stm32f10x_gpio.c                 0x00000000   Number         0  stm32f10x_gpio.o ABSOLUTE
    Library\stm32f10x_i2c.c                  0x00000000   Number         0  stm32f10x_i2c.o ABSOLUTE
    Library\stm32f10x_iwdg.c                 0x00000000   Number         0  stm32f10x_iwdg.o ABSOLUTE
    Library\stm32f10x_pwr.c                  0x00000000   Number         0  stm32f10x_pwr.o ABSOLUTE
    Library\stm32f10x_rcc.c                  0x00000000   Number         0  stm32f10x_rcc.o ABSOLUTE
    Library\stm32f10x_rtc.c                  0x00000000   Number         0  stm32f10x_rtc.o ABSOLUTE
    Library\stm32f10x_sdio.c                 0x00000000   Number         0  stm32f10x_sdio.o ABSOLUTE
    Library\stm32f10x_spi.c                  0x00000000   Number         0  stm32f10x_spi.o ABSOLUTE
    Library\stm32f10x_tim.c                  0x00000000   Number         0  stm32f10x_tim.o ABSOLUTE
    Library\stm32f10x_usart.c                0x00000000   Number         0  stm32f10x_usart.o ABSOLUTE
    Library\stm32f10x_wwdg.c                 0x00000000   Number         0  stm32f10x_wwdg.o ABSOLUTE
    SYSTEM\delay.c                           0x00000000   Number         0  delay.o ABSOLUTE
    SYSTEM\sys.c                             0x00000000   Number         0  sys.o ABSOLUTE
    Start\\core_cm3.c                        0x00000000   Number         0  core_cm3.o ABSOLUTE
    Start\core_cm3.c                         0x00000000   Number         0  core_cm3.o ABSOLUTE
    Start\startup_stm32f10x_md.s             0x00000000   Number         0  startup_stm32f10x_md.o ABSOLUTE
    Start\system_stm32f10x.c                 0x00000000   Number         0  system_stm32f10x.o ABSOLUTE
    User\main.c                              0x00000000   Number         0  main.o ABSOLUTE
    User\stm32f10x_it.c                      0x00000000   Number         0  stm32f10x_it.o ABSOLUTE
    dc.s                                     0x00000000   Number         0  dc.o ABSOLUTE
    RESET                                    0x08000000   Section      236  startup_stm32f10x_md.o(RESET)
    !!!main                                  0x080000ec   Section        8  __main.o(!!!main)
    !!!scatter                               0x080000f4   Section       52  __scatter.o(!!!scatter)
    !!handler_copy                           0x08000128   Section       26  __scatter_copy.o(!!handler_copy)
    !!handler_zi                             0x08000144   Section       28  __scatter_zi.o(!!handler_zi)
    .ARM.Collect$$_printf_percent$$00000000  0x08000160   Section        0  _printf_percent.o(.ARM.Collect$$_printf_percent$$00000000)
    .ARM.Collect$$_printf_percent$$00000003  0x08000160   Section        6  _printf_f.o(.ARM.Collect$$_printf_percent$$00000003)
    .ARM.Collect$$_printf_percent$$00000009  0x08000166   Section        6  _printf_d.o(.ARM.Collect$$_printf_percent$$00000009)
    .ARM.Collect$$_printf_percent$$00000017  0x0800016c   Section        4  _printf_percent_end.o(.ARM.Collect$$_printf_percent$$00000017)
    .ARM.Collect$$libinit$$00000000          0x08000170   Section        2  libinit.o(.ARM.Collect$$libinit$$00000000)
    .ARM.Collect$$libinit$$00000002          0x08000172   Section        0  libinit2.o(.ARM.Collect$$libinit$$00000002)
    .ARM.Collect$$libinit$$00000004          0x08000172   Section        0  libinit2.o(.ARM.Collect$$libinit$$00000004)
    .ARM.Collect$$libinit$$0000000A          0x08000172   Section        0  libinit2.o(.ARM.Collect$$libinit$$0000000A)
    .ARM.Collect$$libinit$$0000000C          0x08000172   Section        0  libinit2.o(.ARM.Collect$$libinit$$0000000C)
    .ARM.Collect$$libinit$$0000000E          0x08000172   Section        0  libinit2.o(.ARM.Collect$$libinit$$0000000E)
    .ARM.Collect$$libinit$$0000000F          0x08000172   Section        6  libinit2.o(.ARM.Collect$$libinit$$0000000F)
    .ARM.Collect$$libinit$$00000011          0x08000178   Section        0  libinit2.o(.ARM.Collect$$libinit$$00000011)
    .ARM.Collect$$libinit$$00000013          0x08000178   Section        0  libinit2.o(.ARM.Collect$$libinit$$00000013)
    .ARM.Collect$$libinit$$00000015          0x08000178   Section        0  libinit2.o(.ARM.Collect$$libinit$$00000015)
    .ARM.Collect$$libinit$$00000016          0x08000178   Section       10  libinit2.o(.ARM.Collect$$libinit$$00000016)
    .ARM.Collect$$libinit$$00000017          0x08000182   Section        0  libinit2.o(.ARM.Collect$$libinit$$00000017)
    .ARM.Collect$$libinit$$00000019          0x08000182   Section        0  libinit2.o(.ARM.Collect$$libinit$$00000019)
    .ARM.Collect$$libinit$$0000001B          0x08000182   Section        0  libinit2.o(.ARM.Collect$$libinit$$0000001B)
    .ARM.Collect$$libinit$$0000001D          0x08000182   Section        0  libinit2.o(.ARM.Collect$$libinit$$0000001D)
    .ARM.Collect$$libinit$$0000001F          0x08000182   Section        0  libinit2.o(.ARM.Collect$$libinit$$0000001F)
    .ARM.Collect$$libinit$$00000021          0x08000182   Section        0  libinit2.o(.ARM.Collect$$libinit$$00000021)
    .ARM.Collect$$libinit$$00000023          0x08000182   Section        0  libinit2.o(.ARM.Collect$$libinit$$00000023)
    .ARM.Collect$$libinit$$00000025          0x08000182   Section        0  libinit2.o(.ARM.Collect$$libinit$$00000025)
    .ARM.Collect$$libinit$$0000002C          0x08000182   Section        0  libinit2.o(.ARM.Collect$$libinit$$0000002C)
    .ARM.Collect$$libinit$$0000002E          0x08000182   Section        0  libinit2.o(.ARM.Collect$$libinit$$0000002E)
    .ARM.Collect$$libinit$$00000030          0x08000182   Section        0  libinit2.o(.ARM.Collect$$libinit$$00000030)
    .ARM.Collect$$libinit$$00000032          0x08000182   Section        0  libinit2.o(.ARM.Collect$$libinit$$00000032)
    .ARM.Collect$$libinit$$00000033          0x08000182   Section        2  libinit2.o(.ARM.Collect$$libinit$$00000033)
    .ARM.Collect$$libshutdown$$00000000      0x08000184   Section        2  libshutdown.o(.ARM.Collect$$libshutdown$$00000000)
    .ARM.Collect$$libshutdown$$00000002      0x08000186   Section        0  libshutdown2.o(.ARM.Collect$$libshutdown$$00000002)
    .ARM.Collect$$libshutdown$$00000004      0x08000186   Section        0  libshutdown2.o(.ARM.Collect$$libshutdown$$00000004)
    .ARM.Collect$$libshutdown$$00000007      0x08000186   Section        0  libshutdown2.o(.ARM.Collect$$libshutdown$$00000007)
    .ARM.Collect$$libshutdown$$0000000A      0x08000186   Section        0  libshutdown2.o(.ARM.Collect$$libshutdown$$0000000A)
    .ARM.Collect$$libshutdown$$0000000C      0x08000186   Section        0  libshutdown2.o(.ARM.Collect$$libshutdown$$0000000C)
    .ARM.Collect$$libshutdown$$0000000F      0x08000186   Section        0  libshutdown2.o(.ARM.Collect$$libshutdown$$0000000F)
    .ARM.Collect$$libshutdown$$00000010      0x08000186   Section        2  libshutdown2.o(.ARM.Collect$$libshutdown$$00000010)
    .ARM.Collect$$rtentry$$00000000          0x08000188   Section        0  __rtentry.o(.ARM.Collect$$rtentry$$00000000)
    .ARM.Collect$$rtentry$$00000002          0x08000188   Section        0  __rtentry2.o(.ARM.Collect$$rtentry$$00000002)
    .ARM.Collect$$rtentry$$00000004          0x08000188   Section        6  __rtentry4.o(.ARM.Collect$$rtentry$$00000004)
    .ARM.Collect$$rtentry$$00000009          0x0800018e   Section        0  __rtentry2.o(.ARM.Collect$$rtentry$$00000009)
    .ARM.Collect$$rtentry$$0000000A          0x0800018e   Section        4  __rtentry2.o(.ARM.Collect$$rtentry$$0000000A)
    .ARM.Collect$$rtentry$$0000000C          0x08000192   Section        0  __rtentry2.o(.ARM.Collect$$rtentry$$0000000C)
    .ARM.Collect$$rtentry$$0000000D          0x08000192   Section        8  __rtentry2.o(.ARM.Collect$$rtentry$$0000000D)
    .ARM.Collect$$rtexit$$00000000           0x0800019a   Section        2  rtexit.o(.ARM.Collect$$rtexit$$00000000)
    .ARM.Collect$$rtexit$$00000002           0x0800019c   Section        0  rtexit2.o(.ARM.Collect$$rtexit$$00000002)
    .ARM.Collect$$rtexit$$00000003           0x0800019c   Section        4  rtexit2.o(.ARM.Collect$$rtexit$$00000003)
    .ARM.Collect$$rtexit$$00000004           0x080001a0   Section        6  rtexit2.o(.ARM.Collect$$rtexit$$00000004)
    .text                                    0x080001a8   Section       64  startup_stm32f10x_md.o(.text)
    .text                                    0x080001e8   Section        0  noretval__2sprintf.o(.text)
    .text                                    0x08000210   Section        0  _printf_dec.o(.text)
    .text                                    0x08000288   Section        0  __printf_wp.o(.text)
    .text                                    0x08000396   Section      138  rt_memcpy_v6.o(.text)
    .text                                    0x08000420   Section        0  heapauxi.o(.text)
    .text                                    0x08000426   Section        0  _printf_intcommon.o(.text)
    .text                                    0x080004d8   Section        0  _printf_fp_dec.o(.text)
    _fp_digits                               0x080004db   Thumb Code   432  _printf_fp_dec.o(.text)
    .text                                    0x080008f8   Section        0  _printf_char_common.o(.text)
    _printf_input_char                       0x080008f9   Thumb Code    10  _printf_char_common.o(.text)
    .text                                    0x08000928   Section        0  _sputc.o(.text)
    .text                                    0x08000932   Section      100  rt_memcpy_w.o(.text)
    .text                                    0x08000998   Section        8  rt_locale_intlibspace.o(.text)
    .text                                    0x080009a0   Section      138  lludiv10.o(.text)
    .text                                    0x08000a2c   Section        0  _printf_fp_infnan.o(.text)
    .text                                    0x08000aac   Section        0  bigflt0.o(.text)
    .text                                    0x08000b90   Section        8  libspace.o(.text)
    .text                                    0x08000b98   Section       74  sys_stackheap_outer.o(.text)
    .text                                    0x08000be2   Section        0  exit.o(.text)
    .text                                    0x08000bf4   Section      128  strcmpv7m.o(.text)
    .text                                    0x08000c74   Section        0  sys_exit.o(.text)
    .text                                    0x08000c80   Section        2  use_no_semi.o(.text)
    .text                                    0x08000c82   Section        0  indicate_semi.o(.text)
    CL$$btod_d2e                             0x08000c82   Section       62  btod.o(CL$$btod_d2e)
    CL$$btod_d2e_denorm_low                  0x08000cc0   Section       70  btod.o(CL$$btod_d2e_denorm_low)
    CL$$btod_d2e_norm_op1                    0x08000d06   Section       96  btod.o(CL$$btod_d2e_norm_op1)
    CL$$btod_div_common                      0x08000d66   Section      824  btod.o(CL$$btod_div_common)
    CL$$btod_e2e                             0x0800109e   Section      220  btod.o(CL$$btod_e2e)
    CL$$btod_ediv                            0x0800117a   Section       42  btod.o(CL$$btod_ediv)
    CL$$btod_emul                            0x080011a4   Section       42  btod.o(CL$$btod_emul)
    CL$$btod_mult_common                     0x080011ce   Section      580  btod.o(CL$$btod_mult_common)
    i.ADC1_DMA_Init                          0x08001414   Section        0  adc.o(i.ADC1_DMA_Init)
    i.ADC_Cmd                                0x08001510   Section        0  stm32f10x_adc.o(i.ADC_Cmd)
    i.ADC_DMACmd                             0x08001526   Section        0  stm32f10x_adc.o(i.ADC_DMACmd)
    i.ADC_GetCalibrationStatus               0x0800153c   Section        0  stm32f10x_adc.o(i.ADC_GetCalibrationStatus)
    i.ADC_GetResetCalibrationStatus          0x08001550   Section        0  stm32f10x_adc.o(i.ADC_GetResetCalibrationStatus)
    i.ADC_Init                               0x08001564   Section        0  stm32f10x_adc.o(i.ADC_Init)
    i.ADC_RegularChannelConfig               0x080015b4   Section        0  stm32f10x_adc.o(i.ADC_RegularChannelConfig)
    i.ADC_ResetCalibration                   0x0800166c   Section        0  stm32f10x_adc.o(i.ADC_ResetCalibration)
    i.ADC_SoftwareStartConvCmd               0x08001676   Section        0  stm32f10x_adc.o(i.ADC_SoftwareStartConvCmd)
    i.ADC_StartCalibration                   0x0800168c   Section        0  stm32f10x_adc.o(i.ADC_StartCalibration)
    i.Address_Set                            0x08001696   Section        0  oled.o(i.Address_Set)
    i.BusFault_Handler                       0x080016e8   Section        0  stm32f10x_it.o(i.BusFault_Handler)
    i.Clear_Waveform_Area                    0x080016ec   Section        0  main.o(i.Clear_Waveform_Area)
    i.DMA_ClearFlag                          0x0800173c   Section        0  stm32f10x_dma.o(i.DMA_ClearFlag)
    i.DMA_Cmd                                0x08001758   Section        0  stm32f10x_dma.o(i.DMA_Cmd)
    i.DMA_Config                             0x08001770   Section        0  oled.o(i.DMA_Config)
    i.DMA_DeInit                             0x080017dc   Section        0  stm32f10x_dma.o(i.DMA_DeInit)
    i.DMA_GetFlagStatus                      0x08001928   Section        0  stm32f10x_dma.o(i.DMA_GetFlagStatus)
    i.DMA_Init                               0x08001954   Section        0  stm32f10x_dma.o(i.DMA_Init)
    i.DMA_Send                               0x08001990   Section        0  oled.o(i.DMA_Send)
    i.DebugMon_Handler                       0x080019e8   Section        0  stm32f10x_it.o(i.DebugMon_Handler)
    i.Display_Info_Fast                      0x080019ec   Section        0  main.o(i.Display_Info_Fast)
    i.Display_Menu                           0x08001bf0   Section        0  main.o(i.Display_Menu)
    i.Draw_Grid                              0x08001d14   Section        0  main.o(i.Draw_Grid)
    i.Draw_Scale                             0x08001d70   Section        0  main.o(i.Draw_Scale)
    i.Draw_Waveform_Fast                     0x08001e34   Section        0  main.o(i.Draw_Waveform_Fast)
    i.GPIO_Init                              0x08001f98   Section        0  stm32f10x_gpio.o(i.GPIO_Init)
    i.GPIO_ReadInputDataBit                  0x080020ae   Section        0  stm32f10x_gpio.o(i.GPIO_ReadInputDataBit)
    i.GPIO_ResetBits                         0x080020c0   Section        0  stm32f10x_gpio.o(i.GPIO_ResetBits)
    i.GPIO_SetBits                           0x080020c4   Section        0  stm32f10x_gpio.o(i.GPIO_SetBits)
    i.HardFault_Handler                      0x080020c8   Section        0  stm32f10x_it.o(i.HardFault_Handler)
    i.KEY_Init                               0x080020cc   Section        0  key.o(i.KEY_Init)
    i.KEY_Scan                               0x080020f8   Section        0  key.o(i.KEY_Scan)
    i.LCD_Clear_Fast                         0x080021b8   Section        0  oled.o(i.LCD_Clear_Fast)
    i.LCD_DrawHLine                          0x080021f0   Section        0  oled.o(i.LCD_DrawHLine)
    i.LCD_DrawPoint                          0x08002244   Section        0  oled.o(i.LCD_DrawPoint)
    i.LCD_DrawVLine                          0x0800226c   Section        0  oled.o(i.LCD_DrawVLine)
    i.LCD_Fill_Fast                          0x080022a4   Section        0  oled.o(i.LCD_Fill_Fast)
    i.LCD_ShowChar                           0x08002300   Section        0  oled.o(i.LCD_ShowChar)
    i.LCD_ShowString                         0x08002370   Section        0  oled.o(i.LCD_ShowString)
    i.LCD_WR_DATA                            0x080023a0   Section        0  oled.o(i.LCD_WR_DATA)
    i.LCD_WR_DATA8                           0x080023c0   Section        0  oled.o(i.LCD_WR_DATA8)
    i.LCD_WR_DATA_Batch                      0x080023d8   Section        0  oled.o(i.LCD_WR_DATA_Batch)
    i.LCD_WR_REG                             0x08002400   Section        0  oled.o(i.LCD_WR_REG)
    i.LCD_Writ_Bus                           0x08002420   Section        0  oled.o(i.LCD_Writ_Bus)
    i.Lcd_Init                               0x08002450   Section        0  oled.o(i.Lcd_Init)
    i.MemManage_Handler                      0x08002624   Section        0  stm32f10x_it.o(i.MemManage_Handler)
    i.NMI_Handler                            0x08002628   Section        0  stm32f10x_it.o(i.NMI_Handler)
    i.PendSV_Handler                         0x0800262a   Section        0  stm32f10x_it.o(i.PendSV_Handler)
    i.RCC_AHBPeriphClockCmd                  0x0800262c   Section        0  stm32f10x_rcc.o(i.RCC_AHBPeriphClockCmd)
    i.RCC_APB2PeriphClockCmd                 0x0800264c   Section        0  stm32f10x_rcc.o(i.RCC_APB2PeriphClockCmd)
    i.Reset_Display_Cache                    0x0800266c   Section        0  main.o(i.Reset_Display_Cache)
    i.SPI_Cmd                                0x080026dc   Section        0  stm32f10x_spi.o(i.SPI_Cmd)
    i.SPI_Hardware_Init                      0x080026f4   Section        0  oled.o(i.SPI_Hardware_Init)
    i.SPI_I2S_DMACmd                         0x080027a0   Section        0  stm32f10x_spi.o(i.SPI_I2S_DMACmd)
    i.SPI_I2S_GetFlagStatus                  0x080027b2   Section        0  stm32f10x_spi.o(i.SPI_I2S_GetFlagStatus)
    i.SPI_I2S_SendData                       0x080027c4   Section        0  stm32f10x_spi.o(i.SPI_I2S_SendData)
    i.SPI_Init                               0x080027c8   Section        0  stm32f10x_spi.o(i.SPI_Init)
    i.SVC_Handler                            0x08002804   Section        0  stm32f10x_it.o(i.SVC_Handler)
    i.SetSysClock                            0x08002806   Section        0  system_stm32f10x.o(i.SetSysClock)
    SetSysClock                              0x08002807   Thumb Code     8  system_stm32f10x.o(i.SetSysClock)
    i.SetSysClockTo72                        0x08002810   Section        0  system_stm32f10x.o(i.SetSysClockTo72)
    SetSysClockTo72                          0x08002811   Thumb Code   214  system_stm32f10x.o(i.SetSysClockTo72)
    i.SysTick_CLKSourceConfig                0x080028f0   Section        0  misc.o(i.SysTick_CLKSourceConfig)
    i.SysTick_Handler                        0x08002918   Section        0  stm32f10x_it.o(i.SysTick_Handler)
    i.SystemInit                             0x0800291c   Section        0  system_stm32f10x.o(i.SystemInit)
    i.UsageFault_Handler                     0x0800297c   Section        0  stm32f10x_it.o(i.UsageFault_Handler)
    i.__ARM_fpclassify                       0x08002980   Section        0  fpclassify.o(i.__ARM_fpclassify)
    i._is_digit                              0x080029a8   Section        0  __printf_wp.o(i._is_digit)
    i.delay_init                             0x080029b8   Section        0  delay.o(i.delay_init)
    i.delay_ms                               0x080029fc   Section        0  delay.o(i.delay_ms)
    i.delay_us                               0x08002a14   Section        0  delay.o(i.delay_us)
    i.main                                   0x08002a60   Section        0  main.o(i.main)
    locale$$code                             0x08002ce0   Section       44  lc_numeric_c.o(locale$$code)
    x$fpl$dretinf                            0x08002d0c   Section       12  dretinf.o(x$fpl$dretinf)
    x$fpl$f2d                                0x08002d18   Section       86  f2d.o(x$fpl$f2d)
    x$fpl$fadd                               0x08002d70   Section      196  faddsub_clz.o(x$fpl$fadd)
    _fadd1                                   0x08002d7f   Thumb Code     0  faddsub_clz.o(x$fpl$fadd)
    x$fpl$fcmpinf                            0x08002e34   Section       24  fcmpi.o(x$fpl$fcmpinf)
    x$fpl$fdiv                               0x08002e4c   Section      388  fdiv.o(x$fpl$fdiv)
    _fdiv1                                   0x08002e4d   Thumb Code     0  fdiv.o(x$fpl$fdiv)
    x$fpl$feqf                               0x08002fd0   Section      104  feqf.o(x$fpl$feqf)
    x$fpl$ffix                               0x08003038   Section       54  ffix.o(x$fpl$ffix)
    x$fpl$ffltu                              0x08003070   Section       38  fflt_clz.o(x$fpl$ffltu)
    x$fpl$fleqf                              0x08003098   Section      104  fleqf.o(x$fpl$fleqf)
    x$fpl$fmul                               0x08003100   Section      258  fmul.o(x$fpl$fmul)
    x$fpl$fnaninf                            0x08003202   Section      140  fnaninf.o(x$fpl$fnaninf)
    x$fpl$fretinf                            0x0800328e   Section       10  fretinf.o(x$fpl$fretinf)
    x$fpl$frleqf                             0x08003298   Section       98  frleqf.o(x$fpl$frleqf)
    x$fpl$fsub                               0x080032fc   Section      234  faddsub_clz.o(x$fpl$fsub)
    _fsub1                                   0x0800330b   Thumb Code     0  faddsub_clz.o(x$fpl$fsub)
    x$fpl$printf1                            0x080033e6   Section        4  printf1.o(x$fpl$printf1)
    .constdata                               0x080033ea   Section      570  oled.o(.constdata)
    x$fpl$usenofp                            0x080033ea   Section        0  usenofp.o(x$fpl$usenofp)
    .constdata                               0x08003624   Section      148  bigflt0.o(.constdata)
    tenpwrs_x                                0x08003624   Data          60  bigflt0.o(.constdata)
    tenpwrs_i                                0x08003660   Data          64  bigflt0.o(.constdata)
    locale$$data                             0x080036d8   Section       28  lc_numeric_c.o(locale$$data)
    __lcnum_c_name                           0x080036dc   Data           2  lc_numeric_c.o(locale$$data)
    __lcnum_c_start                          0x080036e4   Data           0  lc_numeric_c.o(locale$$data)
    __lcnum_c_point                          0x080036f0   Data           0  lc_numeric_c.o(locale$$data)
    __lcnum_c_thousands                      0x080036f2   Data           0  lc_numeric_c.o(locale$$data)
    __lcnum_c_grouping                       0x080036f3   Data           0  lc_numeric_c.o(locale$$data)
    __lcnum_c_end                            0x080036f4   Data           0  lc_numeric_c.o(locale$$data)
    .data                                    0x20000000   Section       20  system_stm32f10x.o(.data)
    .data                                    0x20000014   Section        1  key.o(.data)
    key_lock                                 0x20000014   Data           1  key.o(.data)
    .data                                    0x20000015   Section        1  oled.o(.data)
    dma_initialized                          0x20000015   Data           1  oled.o(.data)
    .data                                    0x20000016   Section        4  delay.o(.data)
    fac_us                                   0x20000016   Data           1  delay.o(.data)
    fac_ms                                   0x20000018   Data           2  delay.o(.data)
    .data                                    0x2000001c   Section       44  main.o(.data)
    .bss                                     0x20000048   Section      256  adc.o(.bss)
    .bss                                     0x20000148   Section      480  oled.o(.bss)
    dma_line_buffer                          0x20000148   Data         480  oled.o(.bss)
    .bss                                     0x20000328   Section      288  main.o(.bss)
    .bss                                     0x20000448   Section       96  libspace.o(.bss)
    HEAP                                     0x200004a8   Section      512  startup_stm32f10x_md.o(HEAP)
    Heap_Mem                                 0x200004a8   Data         512  startup_stm32f10x_md.o(HEAP)
    STACK                                    0x200006a8   Section     1024  startup_stm32f10x_md.o(STACK)
    Stack_Mem                                0x200006a8   Data        1024  startup_stm32f10x_md.o(STACK)
    __initial_sp                             0x20000aa8   Data           0  startup_stm32f10x_md.o(STACK)

    Global Symbols

    Symbol Name                              Value     Ov Type        Size  Object(Section)

    BuildAttributes$$THM_ISAv4$P$D$K$B$S$PE$A:L22UL41UL21$X:L11$S22US41US21$IEEE1$IW$USESV6$~STKCKD$USESV7$~SHL$OTIME$ROPI$IEEEJ$EBA8$UX$STANDARDLIB$REQ8$PRES8$EABIv2 0x00000000   Number         0  anon$$obj.o ABSOLUTE
    __ARM_use_no_argv                        0x00000000   Number         0  main.o ABSOLUTE
    _printf_flags                            0x00000000   Number         0  printf_stubs.o ABSOLUTE
    _printf_return_value                     0x00000000   Number         0  printf_stubs.o ABSOLUTE
    _printf_sizespec                         0x00000000   Number         0  printf_stubs.o ABSOLUTE
    _printf_widthprec                        0x00000000   Number         0  printf_stubs.o ABSOLUTE
    __ARM_exceptions_init                     - Undefined Weak Reference
    __alloca_initialize                       - Undefined Weak Reference
    __arm_preinit_                            - Undefined Weak Reference
    __cpp_initialize__aeabi_                  - Undefined Weak Reference
    __cxa_finalize                            - Undefined Weak Reference
    __sigvec_lookup                           - Undefined Weak Reference
    _atexit_init                              - Undefined Weak Reference
    _call_atexit_fns                          - Undefined Weak Reference
    _clock_init                               - Undefined Weak Reference
    _fp_trap_init                             - Undefined Weak Reference
    _fp_trap_shutdown                         - Undefined Weak Reference
    _get_lc_collate                           - Undefined Weak Reference
    _get_lc_ctype                             - Undefined Weak Reference
    _get_lc_monetary                          - Undefined Weak Reference
    _get_lc_time                              - Undefined Weak Reference
    _getenv_init                              - Undefined Weak Reference
    _handle_redirection                       - Undefined Weak Reference
    _init_alloc                               - Undefined Weak Reference
    _init_user_alloc                          - Undefined Weak Reference
    _initio                                   - Undefined Weak Reference
    _printf_post_padding                      - Undefined Weak Reference
    _printf_pre_padding                       - Undefined Weak Reference
    _printf_truncate_signed                   - Undefined Weak Reference
    _printf_truncate_unsigned                 - Undefined Weak Reference
    _rand_init                                - Undefined Weak Reference
    _signal_finish                            - Undefined Weak Reference
    _signal_init                              - Undefined Weak Reference
    _terminate_alloc                          - Undefined Weak Reference
    _terminate_user_alloc                     - Undefined Weak Reference
    _terminateio                              - Undefined Weak Reference
    __Vectors_Size                           0x000000ec   Number         0  startup_stm32f10x_md.o ABSOLUTE
    __Vectors                                0x08000000   Data           4  startup_stm32f10x_md.o(RESET)
    __Vectors_End                            0x080000ec   Data           0  startup_stm32f10x_md.o(RESET)
    __main                                   0x080000ed   Thumb Code     8  __main.o(!!!main)
    __scatterload                            0x080000f5   Thumb Code     0  __scatter.o(!!!scatter)
    __scatterload_rt2                        0x080000f5   Thumb Code    44  __scatter.o(!!!scatter)
    __scatterload_rt2_thumb_only             0x080000f5   Thumb Code     0  __scatter.o(!!!scatter)
    __scatterload_null                       0x08000103   Thumb Code     0  __scatter.o(!!!scatter)
    __scatterload_copy                       0x08000129   Thumb Code    26  __scatter_copy.o(!!handler_copy)
    __scatterload_zeroinit                   0x08000145   Thumb Code    28  __scatter_zi.o(!!handler_zi)
    _printf_f                                0x08000161   Thumb Code     0  _printf_f.o(.ARM.Collect$$_printf_percent$$00000003)
    _printf_percent                          0x08000161   Thumb Code     0  _printf_percent.o(.ARM.Collect$$_printf_percent$$00000000)
    _printf_d                                0x08000167   Thumb Code     0  _printf_d.o(.ARM.Collect$$_printf_percent$$00000009)
    _printf_percent_end                      0x0800016d   Thumb Code     0  _printf_percent_end.o(.ARM.Collect$$_printf_percent$$00000017)
    __rt_lib_init                            0x08000171   Thumb Code     0  libinit.o(.ARM.Collect$$libinit$$00000000)
    __rt_lib_init_fp_1                       0x08000173   Thumb Code     0  libinit2.o(.ARM.Collect$$libinit$$00000002)
    __rt_lib_init_heap_1                     0x08000173   Thumb Code     0  libinit2.o(.ARM.Collect$$libinit$$0000000A)
    __rt_lib_init_lc_common                  0x08000173   Thumb Code     0  libinit2.o(.ARM.Collect$$libinit$$0000000F)
    __rt_lib_init_preinit_1                  0x08000173   Thumb Code     0  libinit2.o(.ARM.Collect$$libinit$$00000004)
    __rt_lib_init_rand_1                     0x08000173   Thumb Code     0  libinit2.o(.ARM.Collect$$libinit$$0000000E)
    __rt_lib_init_user_alloc_1               0x08000173   Thumb Code     0  libinit2.o(.ARM.Collect$$libinit$$0000000C)
    __rt_lib_init_lc_collate_1               0x08000179   Thumb Code     0  libinit2.o(.ARM.Collect$$libinit$$00000011)
    __rt_lib_init_lc_ctype_1                 0x08000179   Thumb Code     0  libinit2.o(.ARM.Collect$$libinit$$00000013)
    __rt_lib_init_lc_monetary_1              0x08000179   Thumb Code     0  libinit2.o(.ARM.Collect$$libinit$$00000015)
    __rt_lib_init_lc_numeric_2               0x08000179   Thumb Code     0  libinit2.o(.ARM.Collect$$libinit$$00000016)
    __rt_lib_init_alloca_1                   0x08000183   Thumb Code     0  libinit2.o(.ARM.Collect$$libinit$$0000002E)
    __rt_lib_init_argv_1                     0x08000183   Thumb Code     0  libinit2.o(.ARM.Collect$$libinit$$0000002C)
    __rt_lib_init_atexit_1                   0x08000183   Thumb Code     0  libinit2.o(.ARM.Collect$$libinit$$0000001B)
    __rt_lib_init_clock_1                    0x08000183   Thumb Code     0  libinit2.o(.ARM.Collect$$libinit$$00000021)
    __rt_lib_init_cpp_1                      0x08000183   Thumb Code     0  libinit2.o(.ARM.Collect$$libinit$$00000032)
    __rt_lib_init_exceptions_1               0x08000183   Thumb Code     0  libinit2.o(.ARM.Collect$$libinit$$00000030)
    __rt_lib_init_fp_trap_1                  0x08000183   Thumb Code     0  libinit2.o(.ARM.Collect$$libinit$$0000001F)
    __rt_lib_init_getenv_1                   0x08000183   Thumb Code     0  libinit2.o(.ARM.Collect$$libinit$$00000023)
    __rt_lib_init_lc_numeric_1               0x08000183   Thumb Code     0  libinit2.o(.ARM.Collect$$libinit$$00000017)
    __rt_lib_init_lc_time_1                  0x08000183   Thumb Code     0  libinit2.o(.ARM.Collect$$libinit$$00000019)
    __rt_lib_init_return                     0x08000183   Thumb Code     0  libinit2.o(.ARM.Collect$$libinit$$00000033)
    __rt_lib_init_signal_1                   0x08000183   Thumb Code     0  libinit2.o(.ARM.Collect$$libinit$$0000001D)
    __rt_lib_init_stdio_1                    0x08000183   Thumb Code     0  libinit2.o(.ARM.Collect$$libinit$$00000025)
    __rt_lib_shutdown                        0x08000185   Thumb Code     0  libshutdown.o(.ARM.Collect$$libshutdown$$00000000)
    __rt_lib_shutdown_cpp_1                  0x08000187   Thumb Code     0  libshutdown2.o(.ARM.Collect$$libshutdown$$00000002)
    __rt_lib_shutdown_fp_trap_1              0x08000187   Thumb Code     0  libshutdown2.o(.ARM.Collect$$libshutdown$$00000007)
    __rt_lib_shutdown_heap_1                 0x08000187   Thumb Code     0  libshutdown2.o(.ARM.Collect$$libshutdown$$0000000F)
    __rt_lib_shutdown_return                 0x08000187   Thumb Code     0  libshutdown2.o(.ARM.Collect$$libshutdown$$00000010)
    __rt_lib_shutdown_signal_1               0x08000187   Thumb Code     0  libshutdown2.o(.ARM.Collect$$libshutdown$$0000000A)
    __rt_lib_shutdown_stdio_1                0x08000187   Thumb Code     0  libshutdown2.o(.ARM.Collect$$libshutdown$$00000004)
    __rt_lib_shutdown_user_alloc_1           0x08000187   Thumb Code     0  libshutdown2.o(.ARM.Collect$$libshutdown$$0000000C)
    __rt_entry                               0x08000189   Thumb Code     0  __rtentry.o(.ARM.Collect$$rtentry$$00000000)
    __rt_entry_presh_1                       0x08000189   Thumb Code     0  __rtentry2.o(.ARM.Collect$$rtentry$$00000002)
    __rt_entry_sh                            0x08000189   Thumb Code     0  __rtentry4.o(.ARM.Collect$$rtentry$$00000004)
    __rt_entry_li                            0x0800018f   Thumb Code     0  __rtentry2.o(.ARM.Collect$$rtentry$$0000000A)
    __rt_entry_postsh_1                      0x0800018f   Thumb Code     0  __rtentry2.o(.ARM.Collect$$rtentry$$00000009)
    __rt_entry_main                          0x08000193   Thumb Code     0  __rtentry2.o(.ARM.Collect$$rtentry$$0000000D)
    __rt_entry_postli_1                      0x08000193   Thumb Code     0  __rtentry2.o(.ARM.Collect$$rtentry$$0000000C)
    __rt_exit                                0x0800019b   Thumb Code     0  rtexit.o(.ARM.Collect$$rtexit$$00000000)
    __rt_exit_ls                             0x0800019d   Thumb Code     0  rtexit2.o(.ARM.Collect$$rtexit$$00000003)
    __rt_exit_prels_1                        0x0800019d   Thumb Code     0  rtexit2.o(.ARM.Collect$$rtexit$$00000002)
    __rt_exit_exit                           0x080001a1   Thumb Code     0  rtexit2.o(.ARM.Collect$$rtexit$$00000004)
    Reset_Handler                            0x080001a9   Thumb Code     8  startup_stm32f10x_md.o(.text)
    ADC1_2_IRQHandler                        0x080001c3   Thumb Code     0  startup_stm32f10x_md.o(.text)
    CAN1_RX1_IRQHandler                      0x080001c3   Thumb Code     0  startup_stm32f10x_md.o(.text)
    CAN1_SCE_IRQHandler                      0x080001c3   Thumb Code     0  startup_stm32f10x_md.o(.text)
    DMA1_Channel1_IRQHandler                 0x080001c3   Thumb Code     0  startup_stm32f10x_md.o(.text)
    DMA1_Channel2_IRQHandler                 0x080001c3   Thumb Code     0  startup_stm32f10x_md.o(.text)
    DMA1_Channel3_IRQHandler                 0x080001c3   Thumb Code     0  startup_stm32f10x_md.o(.text)
    DMA1_Channel4_IRQHandler                 0x080001c3   Thumb Code     0  startup_stm32f10x_md.o(.text)
    DMA1_Channel5_IRQHandler                 0x080001c3   Thumb Code     0  startup_stm32f10x_md.o(.text)
    DMA1_Channel6_IRQHandler                 0x080001c3   Thumb Code     0  startup_stm32f10x_md.o(.text)
    DMA1_Channel7_IRQHandler                 0x080001c3   Thumb Code     0  startup_stm32f10x_md.o(.text)
    EXTI0_IRQHandler                         0x080001c3   Thumb Code     0  startup_stm32f10x_md.o(.text)
    EXTI15_10_IRQHandler                     0x080001c3   Thumb Code     0  startup_stm32f10x_md.o(.text)
    EXTI1_IRQHandler                         0x080001c3   Thumb Code     0  startup_stm32f10x_md.o(.text)
    EXTI2_IRQHandler                         0x080001c3   Thumb Code     0  startup_stm32f10x_md.o(.text)
    EXTI3_IRQHandler                         0x080001c3   Thumb Code     0  startup_stm32f10x_md.o(.text)
    EXTI4_IRQHandler                         0x080001c3   Thumb Code     0  startup_stm32f10x_md.o(.text)
    EXTI9_5_IRQHandler                       0x080001c3   Thumb Code     0  startup_stm32f10x_md.o(.text)
    FLASH_IRQHandler                         0x080001c3   Thumb Code     0  startup_stm32f10x_md.o(.text)
    I2C1_ER_IRQHandler                       0x080001c3   Thumb Code     0  startup_stm32f10x_md.o(.text)
    I2C1_EV_IRQHandler                       0x080001c3   Thumb Code     0  startup_stm32f10x_md.o(.text)
    I2C2_ER_IRQHandler                       0x080001c3   Thumb Code     0  startup_stm32f10x_md.o(.text)
    I2C2_EV_IRQHandler                       0x080001c3   Thumb Code     0  startup_stm32f10x_md.o(.text)
    PVD_IRQHandler                           0x080001c3   Thumb Code     0  startup_stm32f10x_md.o(.text)
    RCC_IRQHandler                           0x080001c3   Thumb Code     0  startup_stm32f10x_md.o(.text)
    RTCAlarm_IRQHandler                      0x080001c3   Thumb Code     0  startup_stm32f10x_md.o(.text)
    RTC_IRQHandler                           0x080001c3   Thumb Code     0  startup_stm32f10x_md.o(.text)
    SPI1_IRQHandler                          0x080001c3   Thumb Code     0  startup_stm32f10x_md.o(.text)
    SPI2_IRQHandler                          0x080001c3   Thumb Code     0  startup_stm32f10x_md.o(.text)
    TAMPER_IRQHandler                        0x080001c3   Thumb Code     0  startup_stm32f10x_md.o(.text)
    TIM1_BRK_IRQHandler                      0x080001c3   Thumb Code     0  startup_stm32f10x_md.o(.text)
    TIM1_CC_IRQHandler                       0x080001c3   Thumb Code     0  startup_stm32f10x_md.o(.text)
    TIM1_TRG_COM_IRQHandler                  0x080001c3   Thumb Code     0  startup_stm32f10x_md.o(.text)
    TIM1_UP_IRQHandler                       0x080001c3   Thumb Code     0  startup_stm32f10x_md.o(.text)
    TIM2_IRQHandler                          0x080001c3   Thumb Code     0  startup_stm32f10x_md.o(.text)
    TIM3_IRQHandler                          0x080001c3   Thumb Code     0  startup_stm32f10x_md.o(.text)
    TIM4_IRQHandler                          0x080001c3   Thumb Code     0  startup_stm32f10x_md.o(.text)
    USART1_IRQHandler                        0x080001c3   Thumb Code     0  startup_stm32f10x_md.o(.text)
    USART2_IRQHandler                        0x080001c3   Thumb Code     0  startup_stm32f10x_md.o(.text)
    USART3_IRQHandler                        0x080001c3   Thumb Code     0  startup_stm32f10x_md.o(.text)
    USBWakeUp_IRQHandler                     0x080001c3   Thumb Code     0  startup_stm32f10x_md.o(.text)
    USB_HP_CAN1_TX_IRQHandler                0x080001c3   Thumb Code     0  startup_stm32f10x_md.o(.text)
    USB_LP_CAN1_RX0_IRQHandler               0x080001c3   Thumb Code     0  startup_stm32f10x_md.o(.text)
    WWDG_IRQHandler                          0x080001c3   Thumb Code     0  startup_stm32f10x_md.o(.text)
    __user_initial_stackheap                 0x080001c5   Thumb Code     0  startup_stm32f10x_md.o(.text)
    __2sprintf                               0x080001e9   Thumb Code    34  noretval__2sprintf.o(.text)
    _printf_int_dec                          0x08000211   Thumb Code   104  _printf_dec.o(.text)
    __printf                                 0x08000289   Thumb Code   270  __printf_wp.o(.text)
    __aeabi_memcpy                           0x08000397   Thumb Code     0  rt_memcpy_v6.o(.text)
    __rt_memcpy                              0x08000397   Thumb Code   138  rt_memcpy_v6.o(.text)
    _memcpy_lastbytes                        0x080003fd   Thumb Code     0  rt_memcpy_v6.o(.text)
    __use_two_region_memory                  0x08000421   Thumb Code     2  heapauxi.o(.text)
    __rt_heap_escrow$2region                 0x08000423   Thumb Code     2  heapauxi.o(.text)
    __rt_heap_expand$2region                 0x08000425   Thumb Code     2  heapauxi.o(.text)
    _printf_int_common                       0x08000427   Thumb Code   178  _printf_intcommon.o(.text)
    __lib_sel_fp_printf                      0x080004d9   Thumb Code     2  _printf_fp_dec.o(.text)
    _printf_fp_dec_real                      0x0800068b   Thumb Code   620  _printf_fp_dec.o(.text)
    _printf_char_common                      0x08000903   Thumb Code    32  _printf_char_common.o(.text)
    _sputc                                   0x08000929   Thumb Code    10  _sputc.o(.text)
    __aeabi_memcpy4                          0x08000933   Thumb Code     0  rt_memcpy_w.o(.text)
    __aeabi_memcpy8                          0x08000933   Thumb Code     0  rt_memcpy_w.o(.text)
    __rt_memcpy_w                            0x08000933   Thumb Code   100  rt_memcpy_w.o(.text)
    _memcpy_lastbytes_aligned                0x0800097b   Thumb Code     0  rt_memcpy_w.o(.text)
    __rt_locale                              0x08000999   Thumb Code     8  rt_locale_intlibspace.o(.text)
    _ll_udiv10                               0x080009a1   Thumb Code   138  lludiv10.o(.text)
    _printf_fp_infnan                        0x08000a2d   Thumb Code   112  _printf_fp_infnan.o(.text)
    _btod_etento                             0x08000aad   Thumb Code   224  bigflt0.o(.text)
    __user_libspace                          0x08000b91   Thumb Code     8  libspace.o(.text)
    __user_perproc_libspace                  0x08000b91   Thumb Code     0  libspace.o(.text)
    __user_perthread_libspace                0x08000b91   Thumb Code     0  libspace.o(.text)
    __user_setup_stackheap                   0x08000b99   Thumb Code    74  sys_stackheap_outer.o(.text)
    exit                                     0x08000be3   Thumb Code    18  exit.o(.text)
    strcmp                                   0x08000bf5   Thumb Code   128  strcmpv7m.o(.text)
    _sys_exit                                0x08000c75   Thumb Code     8  sys_exit.o(.text)
    __I$use$semihosting                      0x08000c81   Thumb Code     0  use_no_semi.o(.text)
    __use_no_semihosting_swi                 0x08000c81   Thumb Code     2  use_no_semi.o(.text)
    __semihosting_library_function           0x08000c83   Thumb Code     0  indicate_semi.o(.text)
    _btod_d2e                                0x08000c83   Thumb Code    62  btod.o(CL$$btod_d2e)
    _d2e_denorm_low                          0x08000cc1   Thumb Code    70  btod.o(CL$$btod_d2e_denorm_low)
    _d2e_norm_op1                            0x08000d07   Thumb Code    96  btod.o(CL$$btod_d2e_norm_op1)
    __btod_div_common                        0x08000d67   Thumb Code   696  btod.o(CL$$btod_div_common)
    _e2e                                     0x0800109f   Thumb Code   220  btod.o(CL$$btod_e2e)
    _btod_ediv                               0x0800117b   Thumb Code    42  btod.o(CL$$btod_ediv)
    _btod_emul                               0x080011a5   Thumb Code    42  btod.o(CL$$btod_emul)
    __btod_mult_common                       0x080011cf   Thumb Code   580  btod.o(CL$$btod_mult_common)
    ADC1_DMA_Init                            0x08001415   Thumb Code   236  adc.o(i.ADC1_DMA_Init)
    ADC_Cmd                                  0x08001511   Thumb Code    22  stm32f10x_adc.o(i.ADC_Cmd)
    ADC_DMACmd                               0x08001527   Thumb Code    22  stm32f10x_adc.o(i.ADC_DMACmd)
    ADC_GetCalibrationStatus                 0x0800153d   Thumb Code    20  stm32f10x_adc.o(i.ADC_GetCalibrationStatus)
    ADC_GetResetCalibrationStatus            0x08001551   Thumb Code    20  stm32f10x_adc.o(i.ADC_GetResetCalibrationStatus)
    ADC_Init                                 0x08001565   Thumb Code    70  stm32f10x_adc.o(i.ADC_Init)
    ADC_RegularChannelConfig                 0x080015b5   Thumb Code   184  stm32f10x_adc.o(i.ADC_RegularChannelConfig)
    ADC_ResetCalibration                     0x0800166d   Thumb Code    10  stm32f10x_adc.o(i.ADC_ResetCalibration)
    ADC_SoftwareStartConvCmd                 0x08001677   Thumb Code    22  stm32f10x_adc.o(i.ADC_SoftwareStartConvCmd)
    ADC_StartCalibration                     0x0800168d   Thumb Code    10  stm32f10x_adc.o(i.ADC_StartCalibration)
    Address_Set                              0x08001697   Thumb Code    82  oled.o(i.Address_Set)
    BusFault_Handler                         0x080016e9   Thumb Code     4  stm32f10x_it.o(i.BusFault_Handler)
    Clear_Waveform_Area                      0x080016ed   Thumb Code    74  main.o(i.Clear_Waveform_Area)
    DMA_ClearFlag                            0x0800173d   Thumb Code    18  stm32f10x_dma.o(i.DMA_ClearFlag)
    DMA_Cmd                                  0x08001759   Thumb Code    24  stm32f10x_dma.o(i.DMA_Cmd)
    DMA_Config                               0x08001771   Thumb Code    94  oled.o(i.DMA_Config)
    DMA_DeInit                               0x080017dd   Thumb Code   324  stm32f10x_dma.o(i.DMA_DeInit)
    DMA_GetFlagStatus                        0x08001929   Thumb Code    36  stm32f10x_dma.o(i.DMA_GetFlagStatus)
    DMA_Init                                 0x08001955   Thumb Code    60  stm32f10x_dma.o(i.DMA_Init)
    DMA_Send                                 0x08001991   Thumb Code    82  oled.o(i.DMA_Send)
    DebugMon_Handler                         0x080019e9   Thumb Code     2  stm32f10x_it.o(i.DebugMon_Handler)
    Display_Info_Fast                        0x080019ed   Thumb Code   406  main.o(i.Display_Info_Fast)
    Display_Menu                             0x08001bf1   Thumb Code   160  main.o(i.Display_Menu)
    Draw_Grid                                0x08001d15   Thumb Code    86  main.o(i.Draw_Grid)
    Draw_Scale                               0x08001d71   Thumb Code   152  main.o(i.Draw_Scale)
    Draw_Waveform_Fast                       0x08001e35   Thumb Code   338  main.o(i.Draw_Waveform_Fast)
    GPIO_Init                                0x08001f99   Thumb Code   278  stm32f10x_gpio.o(i.GPIO_Init)
    GPIO_ReadInputDataBit                    0x080020af   Thumb Code    18  stm32f10x_gpio.o(i.GPIO_ReadInputDataBit)
    GPIO_ResetBits                           0x080020c1   Thumb Code     4  stm32f10x_gpio.o(i.GPIO_ResetBits)
    GPIO_SetBits                             0x080020c5   Thumb Code     4  stm32f10x_gpio.o(i.GPIO_SetBits)
    HardFault_Handler                        0x080020c9   Thumb Code     4  stm32f10x_it.o(i.HardFault_Handler)
    KEY_Init                                 0x080020cd   Thumb Code    38  key.o(i.KEY_Init)
    KEY_Scan                                 0x080020f9   Thumb Code   182  key.o(i.KEY_Scan)
    LCD_Clear_Fast                           0x080021b9   Thumb Code    52  oled.o(i.LCD_Clear_Fast)
    LCD_DrawHLine                            0x080021f1   Thumb Code    78  oled.o(i.LCD_DrawHLine)
    LCD_DrawPoint                            0x08002245   Thumb Code    40  oled.o(i.LCD_DrawPoint)
    LCD_DrawVLine                            0x0800226d   Thumb Code    56  oled.o(i.LCD_DrawVLine)
    LCD_Fill_Fast                            0x080022a5   Thumb Code    86  oled.o(i.LCD_Fill_Fast)
    LCD_ShowChar                             0x08002301   Thumb Code   108  oled.o(i.LCD_ShowChar)
    LCD_ShowString                           0x08002371   Thumb Code    46  oled.o(i.LCD_ShowString)
    LCD_WR_DATA                              0x080023a1   Thumb Code    26  oled.o(i.LCD_WR_DATA)
    LCD_WR_DATA8                             0x080023c1   Thumb Code    20  oled.o(i.LCD_WR_DATA8)
    LCD_WR_DATA_Batch                        0x080023d9   Thumb Code    36  oled.o(i.LCD_WR_DATA_Batch)
    LCD_WR_REG                               0x08002401   Thumb Code    28  oled.o(i.LCD_WR_REG)
    LCD_Writ_Bus                             0x08002421   Thumb Code    42  oled.o(i.LCD_Writ_Bus)
    Lcd_Init                                 0x08002451   Thumb Code   460  oled.o(i.Lcd_Init)
    MemManage_Handler                        0x08002625   Thumb Code     4  stm32f10x_it.o(i.MemManage_Handler)
    NMI_Handler                              0x08002629   Thumb Code     2  stm32f10x_it.o(i.NMI_Handler)
    PendSV_Handler                           0x0800262b   Thumb Code     2  stm32f10x_it.o(i.PendSV_Handler)
    RCC_AHBPeriphClockCmd                    0x0800262d   Thumb Code    26  stm32f10x_rcc.o(i.RCC_AHBPeriphClockCmd)
    RCC_APB2PeriphClockCmd                   0x0800264d   Thumb Code    26  stm32f10x_rcc.o(i.RCC_APB2PeriphClockCmd)
    Reset_Display_Cache                      0x0800266d   Thumb Code    62  main.o(i.Reset_Display_Cache)
    SPI_Cmd                                  0x080026dd   Thumb Code    24  stm32f10x_spi.o(i.SPI_Cmd)
    SPI_Hardware_Init                        0x080026f5   Thumb Code   158  oled.o(i.SPI_Hardware_Init)
    SPI_I2S_DMACmd                           0x080027a1   Thumb Code    18  stm32f10x_spi.o(i.SPI_I2S_DMACmd)
    SPI_I2S_GetFlagStatus                    0x080027b3   Thumb Code    18  stm32f10x_spi.o(i.SPI_I2S_GetFlagStatus)
    SPI_I2S_SendData                         0x080027c5   Thumb Code     4  stm32f10x_spi.o(i.SPI_I2S_SendData)
    SPI_Init                                 0x080027c9   Thumb Code    60  stm32f10x_spi.o(i.SPI_Init)
    SVC_Handler                              0x08002805   Thumb Code     2  stm32f10x_it.o(i.SVC_Handler)
    SysTick_CLKSourceConfig                  0x080028f1   Thumb Code    40  misc.o(i.SysTick_CLKSourceConfig)
    SysTick_Handler                          0x08002919   Thumb Code     2  stm32f10x_it.o(i.SysTick_Handler)
    SystemInit                               0x0800291d   Thumb Code    78  system_stm32f10x.o(i.SystemInit)
    UsageFault_Handler                       0x0800297d   Thumb Code     4  stm32f10x_it.o(i.UsageFault_Handler)
    __ARM_fpclassify                         0x08002981   Thumb Code    40  fpclassify.o(i.__ARM_fpclassify)
    _is_digit                                0x080029a9   Thumb Code    14  __printf_wp.o(i._is_digit)
    delay_init                               0x080029b9   Thumb Code    50  delay.o(i.delay_init)
    delay_ms                                 0x080029fd   Thumb Code    24  delay.o(i.delay_ms)
    delay_us                                 0x08002a15   Thumb Code    72  delay.o(i.delay_us)
    main                                     0x08002a61   Thumb Code   556  main.o(i.main)
    _get_lc_numeric                          0x08002ce1   Thumb Code    44  lc_numeric_c.o(locale$$code)
    __fpl_dretinf                            0x08002d0d   Thumb Code    12  dretinf.o(x$fpl$dretinf)
    __aeabi_f2d                              0x08002d19   Thumb Code     0  f2d.o(x$fpl$f2d)
    _f2d                                     0x08002d19   Thumb Code    86  f2d.o(x$fpl$f2d)
    __aeabi_fadd                             0x08002d71   Thumb Code     0  faddsub_clz.o(x$fpl$fadd)
    _fadd                                    0x08002d71   Thumb Code   196  faddsub_clz.o(x$fpl$fadd)
    __fpl_fcmp_Inf                           0x08002e35   Thumb Code    24  fcmpi.o(x$fpl$fcmpinf)
    __aeabi_fdiv                             0x08002e4d   Thumb Code     0  fdiv.o(x$fpl$fdiv)
    _fdiv                                    0x08002e4d   Thumb Code   384  fdiv.o(x$fpl$fdiv)
    __aeabi_cfcmpeq                          0x08002fd1   Thumb Code     0  feqf.o(x$fpl$feqf)
    _fcmpeq                                  0x08002fd1   Thumb Code   104  feqf.o(x$fpl$feqf)
    __aeabi_f2iz                             0x08003039   Thumb Code     0  ffix.o(x$fpl$ffix)
    _ffix                                    0x08003039   Thumb Code    54  ffix.o(x$fpl$ffix)
    __aeabi_ui2f                             0x08003071   Thumb Code     0  fflt_clz.o(x$fpl$ffltu)
    _ffltu                                   0x08003071   Thumb Code    38  fflt_clz.o(x$fpl$ffltu)
    __aeabi_cfcmple                          0x08003099   Thumb Code     0  fleqf.o(x$fpl$fleqf)
    _fcmple                                  0x08003099   Thumb Code   104  fleqf.o(x$fpl$fleqf)
    __fpl_fcmple_InfNaN                      0x080030eb   Thumb Code     0  fleqf.o(x$fpl$fleqf)
    __aeabi_fmul                             0x08003101   Thumb Code     0  fmul.o(x$fpl$fmul)
    _fmul                                    0x08003101   Thumb Code   258  fmul.o(x$fpl$fmul)
    __fpl_fnaninf                            0x08003203   Thumb Code   140  fnaninf.o(x$fpl$fnaninf)
    __fpl_fretinf                            0x0800328f   Thumb Code    10  fretinf.o(x$fpl$fretinf)
    __aeabi_cfrcmple                         0x08003299   Thumb Code     0  frleqf.o(x$fpl$frleqf)
    _frcmple                                 0x08003299   Thumb Code    98  frleqf.o(x$fpl$frleqf)
    __aeabi_fsub                             0x080032fd   Thumb Code     0  faddsub_clz.o(x$fpl$fsub)
    _fsub                                    0x080032fd   Thumb Code   234  faddsub_clz.o(x$fpl$fsub)
    _printf_fp_dec                           0x080033e7   Thumb Code     4  printf1.o(x$fpl$printf1)
    F6x8                                     0x080033ea   Data         570  oled.o(.constdata)
    __I$use$fp                               0x080033ea   Number         0  usenofp.o(x$fpl$usenofp)
    Region$$Table$$Base                      0x080036b8   Number         0  anon$$obj.o(Region$$Table)
    Region$$Table$$Limit                     0x080036d8   Number         0  anon$$obj.o(Region$$Table)
    SystemCoreClock                          0x20000000   Data           4  system_stm32f10x.o(.data)
    AHBPrescTable                            0x20000004   Data          16  system_stm32f10x.o(.data)
    y_scale                                  0x2000001c   Data           4  main.o(.data)
    y_offset                                 0x20000020   Data           2  main.o(.data)
    pause_flag                               0x20000022   Data           1  main.o(.data)
    show_menu                                0x20000023   Data           1  main.o(.data)
    menu_index                               0x20000024   Data           1  main.o(.data)
    last_vpp                                 0x20000028   Data           4  main.o(.data)
    last_max                                 0x2000002c   Data           4  main.o(.data)
    last_min                                 0x20000030   Data           4  main.o(.data)
    last_scl                                 0x20000034   Data           4  main.o(.data)
    last_y_offset                            0x20000038   Data           2  main.o(.data)
    last_pause_flag                          0x2000003a   Data           1  main.o(.data)
    last_scale_top                           0x2000003c   Data           4  main.o(.data)
    last_scale_center                        0x20000040   Data           4  main.o(.data)
    last_scale_bottom                        0x20000044   Data           4  main.o(.data)
    ADC_Buffer                               0x20000048   Data         256  adc.o(.bss)
    Paused_Buffer                            0x20000328   Data         256  main.o(.bss)
    display_buf                              0x20000428   Data          32  main.o(.bss)
    __libspace_start                         0x20000448   Data          96  libspace.o(.bss)
    __temporary_stack_top$libspace           0x200004a8   Data           0  libspace.o(.bss)



==============================================================================

Memory Map of the image

  Image Entry point : 0x080001a9

  Load Region LR_1 (Base: 0x08000000, Size: 0x0000373c, Max: 0xffffffff, ABSOLUTE)

    Execution Region ER_RO (Exec base: 0x08000000, Load base: 0x08000000, Size: 0x000036f4, Max: 0xffffffff, ABSOLUTE)

    Exec Addr    Load Addr    Size         Type   Attr      Idx    E Section Name        Object

    0x08000000   0x08000000   0x000000ec   Data   RO         3127    RESET               startup_stm32f10x_md.o
    0x080000ec   0x080000ec   0x00000008   Code   RO         3641  * !!!main             c_w.l(__main.o)
    0x080000f4   0x080000f4   0x00000034   Code   RO         3895    !!!scatter          c_w.l(__scatter.o)
    0x08000128   0x08000128   0x0000001a   Code   RO         3897    !!handler_copy      c_w.l(__scatter_copy.o)
    0x08000142   0x08000142   0x00000002   PAD
    0x08000144   0x08000144   0x0000001c   Code   RO         3899    !!handler_zi        c_w.l(__scatter_zi.o)
    0x08000160   0x08000160   0x00000000   Code   RO         3636    .ARM.Collect$$_printf_percent$$00000000  c_w.l(_printf_percent.o)
    0x08000160   0x08000160   0x00000006   Code   RO         3635    .ARM.Collect$$_printf_percent$$00000003  c_w.l(_printf_f.o)
    0x08000166   0x08000166   0x00000006   Code   RO         3634    .ARM.Collect$$_printf_percent$$00000009  c_w.l(_printf_d.o)
    0x0800016c   0x0800016c   0x00000004   Code   RO         3684    .ARM.Collect$$_printf_percent$$00000017  c_w.l(_printf_percent_end.o)
    0x08000170   0x08000170   0x00000002   Code   RO         3768    .ARM.Collect$$libinit$$00000000  c_w.l(libinit.o)
    0x08000172   0x08000172   0x00000000   Code   RO         3770    .ARM.Collect$$libinit$$00000002  c_w.l(libinit2.o)
    0x08000172   0x08000172   0x00000000   Code   RO         3772    .ARM.Collect$$libinit$$00000004  c_w.l(libinit2.o)
    0x08000172   0x08000172   0x00000000   Code   RO         3775    .ARM.Collect$$libinit$$0000000A  c_w.l(libinit2.o)
    0x08000172   0x08000172   0x00000000   Code   RO         3777    .ARM.Collect$$libinit$$0000000C  c_w.l(libinit2.o)
    0x08000172   0x08000172   0x00000000   Code   RO         3779    .ARM.Collect$$libinit$$0000000E  c_w.l(libinit2.o)
    0x08000172   0x08000172   0x00000006   Code   RO         3780    .ARM.Collect$$libinit$$0000000F  c_w.l(libinit2.o)
    0x08000178   0x08000178   0x00000000   Code   RO         3782    .ARM.Collect$$libinit$$00000011  c_w.l(libinit2.o)
    0x08000178   0x08000178   0x00000000   Code   RO         3784    .ARM.Collect$$libinit$$00000013  c_w.l(libinit2.o)
    0x08000178   0x08000178   0x00000000   Code   RO         3786    .ARM.Collect$$libinit$$00000015  c_w.l(libinit2.o)
    0x08000178   0x08000178   0x0000000a   Code   RO         3787    .ARM.Collect$$libinit$$00000016  c_w.l(libinit2.o)
    0x08000182   0x08000182   0x00000000   Code   RO         3788    .ARM.Collect$$libinit$$00000017  c_w.l(libinit2.o)
    0x08000182   0x08000182   0x00000000   Code   RO         3790    .ARM.Collect$$libinit$$00000019  c_w.l(libinit2.o)
    0x08000182   0x08000182   0x00000000   Code   RO         3792    .ARM.Collect$$libinit$$0000001B  c_w.l(libinit2.o)
    0x08000182   0x08000182   0x00000000   Code   RO         3794    .ARM.Collect$$libinit$$0000001D  c_w.l(libinit2.o)
    0x08000182   0x08000182   0x00000000   Code   RO         3796    .ARM.Collect$$libinit$$0000001F  c_w.l(libinit2.o)
    0x08000182   0x08000182   0x00000000   Code   RO         3798    .ARM.Collect$$libinit$$00000021  c_w.l(libinit2.o)
    0x08000182   0x08000182   0x00000000   Code   RO         3800    .ARM.Collect$$libinit$$00000023  c_w.l(libinit2.o)
    0x08000182   0x08000182   0x00000000   Code   RO         3802    .ARM.Collect$$libinit$$00000025  c_w.l(libinit2.o)
    0x08000182   0x08000182   0x00000000   Code   RO         3806    .ARM.Collect$$libinit$$0000002C  c_w.l(libinit2.o)
    0x08000182   0x08000182   0x00000000   Code   RO         3808    .ARM.Collect$$libinit$$0000002E  c_w.l(libinit2.o)
    0x08000182   0x08000182   0x00000000   Code   RO         3810    .ARM.Collect$$libinit$$00000030  c_w.l(libinit2.o)
    0x08000182   0x08000182   0x00000000   Code   RO         3812    .ARM.Collect$$libinit$$00000032  c_w.l(libinit2.o)
    0x08000182   0x08000182   0x00000002   Code   RO         3813    .ARM.Collect$$libinit$$00000033  c_w.l(libinit2.o)
    0x08000184   0x08000184   0x00000002   Code   RO         3843    .ARM.Collect$$libshutdown$$00000000  c_w.l(libshutdown.o)
    0x08000186   0x08000186   0x00000000   Code   RO         3854    .ARM.Collect$$libshutdown$$00000002  c_w.l(libshutdown2.o)
    0x08000186   0x08000186   0x00000000   Code   RO         3856    .ARM.Collect$$libshutdown$$00000004  c_w.l(libshutdown2.o)
    0x08000186   0x08000186   0x00000000   Code   RO         3859    .ARM.Collect$$libshutdown$$00000007  c_w.l(libshutdown2.o)
    0x08000186   0x08000186   0x00000000   Code   RO         3862    .ARM.Collect$$libshutdown$$0000000A  c_w.l(libshutdown2.o)
    0x08000186   0x08000186   0x00000000   Code   RO         3864    .ARM.Collect$$libshutdown$$0000000C  c_w.l(libshutdown2.o)
    0x08000186   0x08000186   0x00000000   Code   RO         3867    .ARM.Collect$$libshutdown$$0000000F  c_w.l(libshutdown2.o)
    0x08000186   0x08000186   0x00000002   Code   RO         3868    .ARM.Collect$$libshutdown$$00000010  c_w.l(libshutdown2.o)
    0x08000188   0x08000188   0x00000000   Code   RO         3675    .ARM.Collect$$rtentry$$00000000  c_w.l(__rtentry.o)
    0x08000188   0x08000188   0x00000000   Code   RO         3697    .ARM.Collect$$rtentry$$00000002  c_w.l(__rtentry2.o)
    0x08000188   0x08000188   0x00000006   Code   RO         3709    .ARM.Collect$$rtentry$$00000004  c_w.l(__rtentry4.o)
    0x0800018e   0x0800018e   0x00000000   Code   RO         3699    .ARM.Collect$$rtentry$$00000009  c_w.l(__rtentry2.o)
    0x0800018e   0x0800018e   0x00000004   Code   RO         3700    .ARM.Collect$$rtentry$$0000000A  c_w.l(__rtentry2.o)
    0x08000192   0x08000192   0x00000000   Code   RO         3702    .ARM.Collect$$rtentry$$0000000C  c_w.l(__rtentry2.o)
    0x08000192   0x08000192   0x00000008   Code   RO         3703    .ARM.Collect$$rtentry$$0000000D  c_w.l(__rtentry2.o)
    0x0800019a   0x0800019a   0x00000002   Code   RO         3814    .ARM.Collect$$rtexit$$00000000  c_w.l(rtexit.o)
    0x0800019c   0x0800019c   0x00000000   Code   RO         3821    .ARM.Collect$$rtexit$$00000002  c_w.l(rtexit2.o)
    0x0800019c   0x0800019c   0x00000004   Code   RO         3822    .ARM.Collect$$rtexit$$00000003  c_w.l(rtexit2.o)
    0x080001a0   0x080001a0   0x00000006   Code   RO         3823    .ARM.Collect$$rtexit$$00000004  c_w.l(rtexit2.o)
    0x080001a6   0x080001a6   0x00000002   PAD
    0x080001a8   0x080001a8   0x00000040   Code   RO         3128  * .text               startup_stm32f10x_md.o
    0x080001e8   0x080001e8   0x00000028   Code   RO         3608    .text               c_w.l(noretval__2sprintf.o)
    0x08000210   0x08000210   0x00000078   Code   RO         3612    .text               c_w.l(_printf_dec.o)
    0x08000288   0x08000288   0x0000010e   Code   RO         3622    .text               c_w.l(__printf_wp.o)
    0x08000396   0x08000396   0x0000008a   Code   RO         3637    .text               c_w.l(rt_memcpy_v6.o)
    0x08000420   0x08000420   0x00000006   Code   RO         3639    .text               c_w.l(heapauxi.o)
    0x08000426   0x08000426   0x000000b2   Code   RO         3676    .text               c_w.l(_printf_intcommon.o)
    0x080004d8   0x080004d8   0x0000041e   Code   RO         3678    .text               c_w.l(_printf_fp_dec.o)
    0x080008f6   0x080008f6   0x00000002   PAD
    0x080008f8   0x080008f8   0x00000030   Code   RO         3680    .text               c_w.l(_printf_char_common.o)
    0x08000928   0x08000928   0x0000000a   Code   RO         3682    .text               c_w.l(_sputc.o)
    0x08000932   0x08000932   0x00000064   Code   RO         3685    .text               c_w.l(rt_memcpy_w.o)
    0x08000996   0x08000996   0x00000002   PAD
    0x08000998   0x08000998   0x00000008   Code   RO         3714    .text               c_w.l(rt_locale_intlibspace.o)
    0x080009a0   0x080009a0   0x0000008a   Code   RO         3716    .text               c_w.l(lludiv10.o)
    0x08000a2a   0x08000a2a   0x00000002   PAD
    0x08000a2c   0x08000a2c   0x00000080   Code   RO         3718    .text               c_w.l(_printf_fp_infnan.o)
    0x08000aac   0x08000aac   0x000000e4   Code   RO         3722    .text               c_w.l(bigflt0.o)
    0x08000b90   0x08000b90   0x00000008   Code   RO         3754    .text               c_w.l(libspace.o)
    0x08000b98   0x08000b98   0x0000004a   Code   RO         3757    .text               c_w.l(sys_stackheap_outer.o)
    0x08000be2   0x08000be2   0x00000012   Code   RO         3759    .text               c_w.l(exit.o)
    0x08000bf4   0x08000bf4   0x00000080   Code   RO         3761    .text               c_w.l(strcmpv7m.o)
    0x08000c74   0x08000c74   0x0000000c   Code   RO         3833    .text               c_w.l(sys_exit.o)
    0x08000c80   0x08000c80   0x00000002   Code   RO         3844    .text               c_w.l(use_no_semi.o)
    0x08000c82   0x08000c82   0x00000000   Code   RO         3846    .text               c_w.l(indicate_semi.o)
    0x08000c82   0x08000c82   0x0000003e   Code   RO         3725    CL$$btod_d2e        c_w.l(btod.o)
    0x08000cc0   0x08000cc0   0x00000046   Code   RO         3727    CL$$btod_d2e_denorm_low  c_w.l(btod.o)
    0x08000d06   0x08000d06   0x00000060   Code   RO         3726    CL$$btod_d2e_norm_op1  c_w.l(btod.o)
    0x08000d66   0x08000d66   0x00000338   Code   RO         3735    CL$$btod_div_common  c_w.l(btod.o)
    0x0800109e   0x0800109e   0x000000dc   Code   RO         3732    CL$$btod_e2e        c_w.l(btod.o)
    0x0800117a   0x0800117a   0x0000002a   Code   RO         3729    CL$$btod_ediv       c_w.l(btod.o)
    0x080011a4   0x080011a4   0x0000002a   Code   RO         3728    CL$$btod_emul       c_w.l(btod.o)
    0x080011ce   0x080011ce   0x00000244   Code   RO         3734    CL$$btod_mult_common  c_w.l(btod.o)
    0x08001412   0x08001412   0x00000002   PAD
    0x08001414   0x08001414   0x000000fc   Code   RO         3196    i.ADC1_DMA_Init     adc.o
    0x08001510   0x08001510   0x00000016   Code   RO          131    i.ADC_Cmd           stm32f10x_adc.o
    0x08001526   0x08001526   0x00000016   Code   RO          132    i.ADC_DMACmd        stm32f10x_adc.o
    0x0800153c   0x0800153c   0x00000014   Code   RO          139    i.ADC_GetCalibrationStatus  stm32f10x_adc.o
    0x08001550   0x08001550   0x00000014   Code   RO          145    i.ADC_GetResetCalibrationStatus  stm32f10x_adc.o
    0x08001564   0x08001564   0x00000050   Code   RO          149    i.ADC_Init          stm32f10x_adc.o
    0x080015b4   0x080015b4   0x000000b8   Code   RO          153    i.ADC_RegularChannelConfig  stm32f10x_adc.o
    0x0800166c   0x0800166c   0x0000000a   Code   RO          154    i.ADC_ResetCalibration  stm32f10x_adc.o
    0x08001676   0x08001676   0x00000016   Code   RO          156    i.ADC_SoftwareStartConvCmd  stm32f10x_adc.o
    0x0800168c   0x0800168c   0x0000000a   Code   RO          158    i.ADC_StartCalibration  stm32f10x_adc.o
    0x08001696   0x08001696   0x00000052   Code   RO         3249    i.Address_Set       oled.o
    0x080016e8   0x080016e8   0x00000004   Code   RO         3541    i.BusFault_Handler  stm32f10x_it.o
    0x080016ec   0x080016ec   0x00000050   Code   RO         3463    i.Clear_Waveform_Area  main.o
    0x0800173c   0x0800173c   0x0000001c   Code   RO          838    i.DMA_ClearFlag     stm32f10x_dma.o
    0x08001758   0x08001758   0x00000018   Code   RO          840    i.DMA_Cmd           stm32f10x_dma.o
    0x08001770   0x08001770   0x0000006c   Code   RO         3250    i.DMA_Config        oled.o
    0x080017dc   0x080017dc   0x0000014c   Code   RO          841    i.DMA_DeInit        stm32f10x_dma.o
    0x08001928   0x08001928   0x0000002c   Code   RO          843    i.DMA_GetFlagStatus  stm32f10x_dma.o
    0x08001954   0x08001954   0x0000003c   Code   RO          846    i.DMA_Init          stm32f10x_dma.o
    0x08001990   0x08001990   0x00000058   Code   RO         3251    i.DMA_Send          oled.o
    0x080019e8   0x080019e8   0x00000002   Code   RO         3542    i.DebugMon_Handler  stm32f10x_it.o
    0x080019ea   0x080019ea   0x00000002   PAD
    0x080019ec   0x080019ec   0x00000204   Code   RO         3464    i.Display_Info_Fast  main.o
    0x08001bf0   0x08001bf0   0x00000124   Code   RO         3465    i.Display_Menu      main.o
    0x08001d14   0x08001d14   0x0000005c   Code   RO         3466    i.Draw_Grid         main.o
    0x08001d70   0x08001d70   0x000000c4   Code   RO         3467    i.Draw_Scale        main.o
    0x08001e34   0x08001e34   0x00000164   Code   RO         3468    i.Draw_Waveform_Fast  main.o
    0x08001f98   0x08001f98   0x00000116   Code   RO         1276    i.GPIO_Init         stm32f10x_gpio.o
    0x080020ae   0x080020ae   0x00000012   Code   RO         1280    i.GPIO_ReadInputDataBit  stm32f10x_gpio.o
    0x080020c0   0x080020c0   0x00000004   Code   RO         1283    i.GPIO_ResetBits    stm32f10x_gpio.o
    0x080020c4   0x080020c4   0x00000004   Code   RO         1284    i.GPIO_SetBits      stm32f10x_gpio.o
    0x080020c8   0x080020c8   0x00000004   Code   RO         3543    i.HardFault_Handler  stm32f10x_it.o
    0x080020cc   0x080020cc   0x0000002c   Code   RO         3224    i.KEY_Init          key.o
    0x080020f8   0x080020f8   0x000000c0   Code   RO         3225    i.KEY_Scan          key.o
    0x080021b8   0x080021b8   0x00000038   Code   RO         3253    i.LCD_Clear_Fast    oled.o
    0x080021f0   0x080021f0   0x00000054   Code   RO         3254    i.LCD_DrawHLine     oled.o
    0x08002244   0x08002244   0x00000028   Code   RO         3256    i.LCD_DrawPoint     oled.o
    0x0800226c   0x0800226c   0x00000038   Code   RO         3257    i.LCD_DrawVLine     oled.o
    0x080022a4   0x080022a4   0x0000005c   Code   RO         3259    i.LCD_Fill_Fast     oled.o
    0x08002300   0x08002300   0x00000070   Code   RO         3260    i.LCD_ShowChar      oled.o
    0x08002370   0x08002370   0x0000002e   Code   RO         3262    i.LCD_ShowString    oled.o
    0x0800239e   0x0800239e   0x00000002   PAD
    0x080023a0   0x080023a0   0x00000020   Code   RO         3263    i.LCD_WR_DATA       oled.o
    0x080023c0   0x080023c0   0x00000018   Code   RO         3264    i.LCD_WR_DATA8      oled.o
    0x080023d8   0x080023d8   0x00000028   Code   RO         3265    i.LCD_WR_DATA_Batch  oled.o
    0x08002400   0x08002400   0x00000020   Code   RO         3266    i.LCD_WR_REG        oled.o
    0x08002420   0x08002420   0x00000030   Code   RO         3267    i.LCD_Writ_Bus      oled.o
    0x08002450   0x08002450   0x000001d4   Code   RO         3268    i.Lcd_Init          oled.o
    0x08002624   0x08002624   0x00000004   Code   RO         3544    i.MemManage_Handler  stm32f10x_it.o
    0x08002628   0x08002628   0x00000002   Code   RO         3545    i.NMI_Handler       stm32f10x_it.o
    0x0800262a   0x0800262a   0x00000002   Code   RO         3546    i.PendSV_Handler    stm32f10x_it.o
    0x0800262c   0x0800262c   0x00000020   Code   RO         1703    i.RCC_AHBPeriphClockCmd  stm32f10x_rcc.o
    0x0800264c   0x0800264c   0x00000020   Code   RO         1706    i.RCC_APB2PeriphClockCmd  stm32f10x_rcc.o
    0x0800266c   0x0800266c   0x00000070   Code   RO         3469    i.Reset_Display_Cache  main.o
    0x080026dc   0x080026dc   0x00000018   Code   RO         2192    i.SPI_Cmd           stm32f10x_spi.o
    0x080026f4   0x080026f4   0x000000ac   Code   RO         3269    i.SPI_Hardware_Init  oled.o
    0x080027a0   0x080027a0   0x00000012   Code   RO         2198    i.SPI_I2S_DMACmd    stm32f10x_spi.o
    0x080027b2   0x080027b2   0x00000012   Code   RO         2200    i.SPI_I2S_GetFlagStatus  stm32f10x_spi.o
    0x080027c4   0x080027c4   0x00000004   Code   RO         2204    i.SPI_I2S_SendData  stm32f10x_spi.o
    0x080027c8   0x080027c8   0x0000003c   Code   RO         2205    i.SPI_Init          stm32f10x_spi.o
    0x08002804   0x08002804   0x00000002   Code   RO         3547    i.SVC_Handler       stm32f10x_it.o
    0x08002806   0x08002806   0x00000008   Code   RO         3143    i.SetSysClock       system_stm32f10x.o
    0x0800280e   0x0800280e   0x00000002   PAD
    0x08002810   0x08002810   0x000000e0   Code   RO         3144    i.SetSysClockTo72   system_stm32f10x.o
    0x080028f0   0x080028f0   0x00000028   Code   RO            5    i.SysTick_CLKSourceConfig  misc.o
    0x08002918   0x08002918   0x00000002   Code   RO         3548    i.SysTick_Handler   stm32f10x_it.o
    0x0800291a   0x0800291a   0x00000002   PAD
    0x0800291c   0x0800291c   0x00000060   Code   RO         3146    i.SystemInit        system_stm32f10x.o
    0x0800297c   0x0800297c   0x00000004   Code   RO         3549    i.UsageFault_Handler  stm32f10x_it.o
    0x08002980   0x08002980   0x00000028   Code   RO         3752    i.__ARM_fpclassify  m_ws.l(fpclassify.o)
    0x080029a8   0x080029a8   0x0000000e   Code   RO         3624    i._is_digit         c_w.l(__printf_wp.o)
    0x080029b6   0x080029b6   0x00000002   PAD
    0x080029b8   0x080029b8   0x00000044   Code   RO         3419    i.delay_init        delay.o
    0x080029fc   0x080029fc   0x00000018   Code   RO         3420    i.delay_ms          delay.o
    0x08002a14   0x08002a14   0x0000004c   Code   RO         3421    i.delay_us          delay.o
    0x08002a60   0x08002a60   0x00000280   Code   RO         3470    i.main              main.o
    0x08002ce0   0x08002ce0   0x0000002c   Code   RO         3748    locale$$code        c_w.l(lc_numeric_c.o)
    0x08002d0c   0x08002d0c   0x0000000c   Code   RO         3687    x$fpl$dretinf       fz_ws.l(dretinf.o)
    0x08002d18   0x08002d18   0x00000056   Code   RO         3643    x$fpl$f2d           fz_ws.l(f2d.o)
    0x08002d6e   0x08002d6e   0x00000002   PAD
    0x08002d70   0x08002d70   0x000000c4   Code   RO         3645    x$fpl$fadd          fz_ws.l(faddsub_clz.o)
    0x08002e34   0x08002e34   0x00000018   Code   RO         3689    x$fpl$fcmpinf       fz_ws.l(fcmpi.o)
    0x08002e4c   0x08002e4c   0x00000184   Code   RO         3652    x$fpl$fdiv          fz_ws.l(fdiv.o)
    0x08002fd0   0x08002fd0   0x00000068   Code   RO         3655    x$fpl$feqf          fz_ws.l(feqf.o)
    0x08003038   0x08003038   0x00000036   Code   RO         3657    x$fpl$ffix          fz_ws.l(ffix.o)
    0x0800306e   0x0800306e   0x00000002   PAD
    0x08003070   0x08003070   0x00000026   Code   RO         3661    x$fpl$ffltu         fz_ws.l(fflt_clz.o)
    0x08003096   0x08003096   0x00000002   PAD
    0x08003098   0x08003098   0x00000068   Code   RO         3667    x$fpl$fleqf         fz_ws.l(fleqf.o)
    0x08003100   0x08003100   0x00000102   Code   RO         3669    x$fpl$fmul          fz_ws.l(fmul.o)
    0x08003202   0x08003202   0x0000008c   Code   RO         3691    x$fpl$fnaninf       fz_ws.l(fnaninf.o)
    0x0800328e   0x0800328e   0x0000000a   Code   RO         3693    x$fpl$fretinf       fz_ws.l(fretinf.o)
    0x08003298   0x08003298   0x00000062   Code   RO         3671    x$fpl$frleqf        fz_ws.l(frleqf.o)
    0x080032fa   0x080032fa   0x00000002   PAD
    0x080032fc   0x080032fc   0x000000ea   Code   RO         3647    x$fpl$fsub          fz_ws.l(faddsub_clz.o)
    0x080033e6   0x080033e6   0x00000004   Code   RO         3673    x$fpl$printf1       fz_ws.l(printf1.o)
    0x080033ea   0x080033ea   0x00000000   Code   RO         3695    x$fpl$usenofp       fz_ws.l(usenofp.o)
    0x080033ea   0x080033ea   0x0000023a   Data   RO         3271    .constdata          oled.o
    0x08003624   0x08003624   0x00000094   Data   RO         3723    .constdata          c_w.l(bigflt0.o)
    0x080036b8   0x080036b8   0x00000020   Data   RO         3893    Region$$Table       anon$$obj.o
    0x080036d8   0x080036d8   0x0000001c   Data   RO         3747    locale$$data        c_w.l(lc_numeric_c.o)


    Execution Region ER_RW (Exec base: 0x20000000, Load base: 0x080036f4, Size: 0x00000048, Max: 0xffffffff, ABSOLUTE)

    Exec Addr    Load Addr    Size         Type   Attr      Idx    E Section Name        Object

    0x20000000   0x080036f4   0x00000014   Data   RW         3147    .data               system_stm32f10x.o
    0x20000014   0x08003708   0x00000001   Data   RW         3226    .data               key.o
    0x20000015   0x08003709   0x00000001   Data   RW         3272    .data               oled.o
    0x20000016   0x0800370a   0x00000004   Data   RW         3422    .data               delay.o
    0x2000001a   0x0800370e   0x00000002   PAD
    0x2000001c   0x08003710   0x0000002c   Data   RW         3472    .data               main.o


    Execution Region ER_ZI (Exec base: 0x20000048, Load base: 0x0800373c, Size: 0x00000a60, Max: 0xffffffff, ABSOLUTE)

    Exec Addr    Load Addr    Size         Type   Attr      Idx    E Section Name        Object

    0x20000048        -       0x00000100   Zero   RW         3198    .bss                adc.o
    0x20000148        -       0x000001e0   Zero   RW         3270    .bss                oled.o
    0x20000328        -       0x00000120   Zero   RW         3471    .bss                main.o
    0x20000448        -       0x00000060   Zero   RW         3755    .bss                c_w.l(libspace.o)
    0x200004a8        -       0x00000200   Zero   RW         3126    HEAP                startup_stm32f10x_md.o
    0x200006a8        -       0x00000400   Zero   RW         3125    STACK               startup_stm32f10x_md.o


==============================================================================

Image component sizes


      Code (inc. data)   RO Data    RW Data    ZI Data      Debug   Object Name

       252         16          0          0        256       1248   adc.o
       168         22          0          4          0       1627   delay.o
       236         16          0          1          0       1426   key.o
      2284        450          0         44        288       7290   main.o
        40          0          0          0          0     240718   misc.o
      1580         86        570          1        480      11654   oled.o
        64         26        236          0       1536        816   startup_stm32f10x_md.o
       390         10          0          0          0      16053   stm32f10x_adc.o
       488         26          0          0          0      14122   stm32f10x_dma.o
       304          0          0          0          0      11796   stm32f10x_gpio.o
        26          0          0          0          0       3746   stm32f10x_it.o
        64         12          0          0          0       1073   stm32f10x_rcc.o
       124          0          0          0          0      10541   stm32f10x_spi.o
       328         28          0         20          0       2113   system_stm32f10x.o

    ----------------------------------------------------------------------
      6356        692        838         72       2560     324223   Object Totals
         0          0         32          0          0          0   (incl. Generated)
         8          0          0          2          0          0   (incl. Padding)

    ----------------------------------------------------------------------

      Code (inc. data)   RO Data    RW Data    ZI Data      Debug   Library Member Name

         8          0          0          0          0         68   __main.o
       284          0          0          0          0        156   __printf_wp.o
         0          0          0          0          0          0   __rtentry.o
        12          0          0          0          0          0   __rtentry2.o
         6          0          0          0          0          0   __rtentry4.o
        52          8          0          0          0          0   __scatter.o
        26          0          0          0          0          0   __scatter_copy.o
        28          0          0          0          0          0   __scatter_zi.o
        48          6          0          0          0         96   _printf_char_common.o
         6          0          0          0          0          0   _printf_d.o
       120         16          0          0          0         92   _printf_dec.o
         6          0          0          0          0          0   _printf_f.o
      1054          0          0          0          0        216   _printf_fp_dec.o
       128         16          0          0          0         84   _printf_fp_infnan.o
       178          0          0          0          0         88   _printf_intcommon.o
         0          0          0          0          0          0   _printf_percent.o
         4          0          0          0          0          0   _printf_percent_end.o
        10          0          0          0          0         68   _sputc.o
       228          4        148          0          0         96   bigflt0.o
      1936        128          0          0          0        672   btod.o
        18          0          0          0          0         80   exit.o
         6          0          0          0          0        152   heapauxi.o
         0          0          0          0          0          0   indicate_semi.o
        44         10         28          0          0         76   lc_numeric_c.o
         2          0          0          0          0          0   libinit.o
        18          0          0          0          0          0   libinit2.o
         2          0          0          0          0          0   libshutdown.o
         2          0          0          0          0          0   libshutdown2.o
         8          4          0          0         96         68   libspace.o
       138          0          0          0          0         80   lludiv10.o
        40          6          0          0          0         84   noretval__2sprintf.o
         8          4          0          0          0         68   rt_locale_intlibspace.o
       138          0          0          0          0         68   rt_memcpy_v6.o
       100          0          0          0          0         80   rt_memcpy_w.o
         2          0          0          0          0          0   rtexit.o
        10          0          0          0          0          0   rtexit2.o
       128          0          0          0          0         68   strcmpv7m.o
        12          4          0          0          0         68   sys_exit.o
        74          0          0          0          0         80   sys_stackheap_outer.o
         2          0          0          0          0         68   use_no_semi.o
        12          0          0          0          0         68   dretinf.o
        86          4          0          0          0         84   f2d.o
       430          8          0          0          0        168   faddsub_clz.o
        24          0          0          0          0         68   fcmpi.o
       388         76          0          0          0         96   fdiv.o
       104          4          0          0          0         84   feqf.o
        54          4          0          0          0         84   ffix.o
        38          0          0          0          0         68   fflt_clz.o
       104          4          0          0          0         84   fleqf.o
       258          4          0          0          0         84   fmul.o
       140          4          0          0          0         84   fnaninf.o
        10          0          0          0          0         68   fretinf.o
        98          0          0          0          0         68   frleqf.o
         4          0          0          0          0         68   printf1.o
         0          0          0          0          0          0   usenofp.o
        40          0          0          0          0         68   fpclassify.o

    ----------------------------------------------------------------------
      6698        314        176          0         96       3920   Library Totals
        22          0          0          0          0          0   (incl. Padding)

    ----------------------------------------------------------------------

      Code (inc. data)   RO Data    RW Data    ZI Data      Debug   Library Name

      4886        206        176          0         96       2676   c_w.l
      1750        108          0          0          0       1176   fz_ws.l
        40          0          0          0          0         68   m_ws.l

    ----------------------------------------------------------------------
      6698        314        176          0         96       3920   Library Totals

    ----------------------------------------------------------------------

==============================================================================


      Code (inc. data)   RO Data    RW Data    ZI Data      Debug   

     13054       1006       1014         72       2656     322471   Grand Totals
     13054       1006       1014         72       2656     322471   ELF Image Totals
     13054       1006       1014         72          0          0   ROM Totals

==============================================================================

    Total RO  Size (Code + RO Data)                14068 (  13.74kB)
    Total RW  Size (RW Data + ZI Data)              2728 (   2.66kB)
    Total ROM Size (Code + RO Data + RW Data)      14140 (  13.81kB)

==============================================================================

